../TX_Modules/Src/nrf2401.cpp:9:1:NRF2401::NRF2401(SPI_HandleTypeDef*, GPIO_TypeDef*, GPIO_TypeDef*, GPIO_TypeDef*, uint16_t, uint16_t, uint16_t)	24	static
../TX_Modules/Src/nrf2401.cpp:16:6:void NRF2401::write_register(uint8_t, uint8_t*, uint8_t)	32	static
../TX_Modules/Src/nrf2401.cpp:24:6:void NRF2401::read_register(uint8_t, uint8_t*, uint8_t)	32	static
../TX_Modules/Src/nrf2401.cpp:32:6:void NRF2401::send_spi_command(uint8_t)	16	static
../TX_Modules/Src/nrf2401.cpp:38:6:void NRF2401::nrf_reset()	32	static
../TX_Modules/Src/nrf2401.cpp:100:6:void NRF2401::nrf_power_on()	24	static
../TX_Modules/Src/nrf2401.cpp:109:6:void NRF2401::nrf_set_prim_rx()	24	static
../TX_Modules/Src/nrf2401.cpp:122:6:void NRF2401::enable_crc(bool)	24	static
../TX_Modules/Src/nrf2401.cpp:137:6:void NRF2401::set_rf_channel_frequency(uint16_t)	24	static
../TX_Modules/Src/nrf2401.cpp:148:6:void NRF2401::set_air_data_rate(DATA_RATE)	24	static
../TX_Modules/Src/nrf2401.cpp:180:6:void NRF2401::set_address_width(ADDR_WIDTH)	24	static
../TX_Modules/Src/nrf2401.cpp:205:6:void NRF2401::set_auto_retransmit(uint8_t, uint16_t)	24	static
../TX_Modules/Src/nrf2401.cpp:227:6:void NRF2401::nrf_init(uint16_t, DATA_RATE, ADDR_WIDTH)	16	static
../TX_Modules/Src/nrf2401.cpp:238:6:void NRF2401::setup_tx_mode(uint8_t*, uint8_t)	24	static
../TX_Modules/Src/nrf2401.cpp:245:6:void NRF2401::setup_receiver_channel(uint8_t)	24	static
../TX_Modules/Src/nrf2401.cpp:253:6:void NRF2401::set_tx_address(uint8_t*, uint8_t)	32	static
../TX_Modules/Src/nrf2401.cpp:265:6:void NRF2401::set_rx_address(uint8_t*, uint8_t, uint8_t)	32	static
../TX_Modules/Src/nrf2401.cpp:275:6:void NRF2401::setup_rx_mode(uint8_t*, uint8_t, uint8_t, uint8_t)	24	static
../TX_Modules/Src/nrf2401.cpp:284:6:void NRF2401::set_data_pipe_payload_length(uint8_t, uint8_t)	24	static
../TX_Modules/Src/nrf2401.cpp:295:6:void NRF2401::set_status(uint8_t)	16	static
../TX_Modules/Src/nrf2401.cpp:299:6:void NRF2401::get_status(uint8_t&)	16	static
../TX_Modules/Src/nrf2401.cpp:303:6:void NRF2401::check_fifo_status(uint8_t&)	16	static
../TX_Modules/Src/nrf2401.cpp:307:6:void NRF2401::receive_data_from_rx_fifo(uint8_t*)	16	static
../TX_Modules/Src/nrf2401.cpp:314:6:void NRF2401::send_data_tx_to_fifo(uint8_t*, uint8_t)	24	static
../TX_Modules/Src/nrf2401.cpp:325:6:bool NRF2401::get_operating_mode()	16	static
../TX_Modules/Src/nrf2401.cpp:330:6:void HAL_GPIO_EXTI_Callback(uint16_t)	16	static
../TX_Modules/Src/nrf2401.cpp:340:1:void __static_initialization_and_destruction_0(int, int)	32	static
../TX_Modules/Src/nrf2401.cpp:340:1:cpp)	8	static
