Archive member included to satisfy reference by file (symbol)

/Applications/STM32CubeIDE.app/Contents/Eclipse/plugins/com.st.stm32cube.ide.mcu.externaltools.gnu-tools-for-stm32.12.3.rel1.macos64_1.0.200.202406191456/tools/bin/../lib/gcc/arm-none-eabi/12.3.1/../../../../arm-none-eabi/lib/thumb/v7e-m+fp/hard/libc_nano.a(libc_a-exit.o)
                              /Applications/STM32CubeIDE.app/Contents/Eclipse/plugins/com.st.stm32cube.ide.mcu.externaltools.gnu-tools-for-stm32.12.3.rel1.macos64_1.0.200.202406191456/tools/bin/../lib/gcc/arm-none-eabi/12.3.1/../../../../arm-none-eabi/lib/thumb/v7e-m+fp/hard/crt0.o (exit)
/Applications/STM32CubeIDE.app/Contents/Eclipse/plugins/com.st.stm32cube.ide.mcu.externaltools.gnu-tools-for-stm32.12.3.rel1.macos64_1.0.200.202406191456/tools/bin/../lib/gcc/arm-none-eabi/12.3.1/../../../../arm-none-eabi/lib/thumb/v7e-m+fp/hard/libc_nano.a(libc_a-findfp.o)
                              /Applications/STM32CubeIDE.app/Contents/Eclipse/plugins/com.st.stm32cube.ide.mcu.externaltools.gnu-tools-for-stm32.12.3.rel1.macos64_1.0.200.202406191456/tools/bin/../lib/gcc/arm-none-eabi/12.3.1/../../../../arm-none-eabi/lib/thumb/v7e-m+fp/hard/libc_nano.a(libc_a-exit.o) (__stdio_exit_handler)
/Applications/STM32CubeIDE.app/Contents/Eclipse/plugins/com.st.stm32cube.ide.mcu.externaltools.gnu-tools-for-stm32.12.3.rel1.macos64_1.0.200.202406191456/tools/bin/../lib/gcc/arm-none-eabi/12.3.1/../../../../arm-none-eabi/lib/thumb/v7e-m+fp/hard/libc_nano.a(libc_a-fwalk.o)
                              /Applications/STM32CubeIDE.app/Contents/Eclipse/plugins/com.st.stm32cube.ide.mcu.externaltools.gnu-tools-for-stm32.12.3.rel1.macos64_1.0.200.202406191456/tools/bin/../lib/gcc/arm-none-eabi/12.3.1/../../../../arm-none-eabi/lib/thumb/v7e-m+fp/hard/libc_nano.a(libc_a-findfp.o) (_fwalk_sglue)
/Applications/STM32CubeIDE.app/Contents/Eclipse/plugins/com.st.stm32cube.ide.mcu.externaltools.gnu-tools-for-stm32.12.3.rel1.macos64_1.0.200.202406191456/tools/bin/../lib/gcc/arm-none-eabi/12.3.1/../../../../arm-none-eabi/lib/thumb/v7e-m+fp/hard/libc_nano.a(libc_a-printf.o)
                              ./Receiver_Setup/Src/nrf2401.o (printf)
/Applications/STM32CubeIDE.app/Contents/Eclipse/plugins/com.st.stm32cube.ide.mcu.externaltools.gnu-tools-for-stm32.12.3.rel1.macos64_1.0.200.202406191456/tools/bin/../lib/gcc/arm-none-eabi/12.3.1/../../../../arm-none-eabi/lib/thumb/v7e-m+fp/hard/libc_nano.a(libc_a-puts.o)
                              ./Core/Src/main.o (puts)
/Applications/STM32CubeIDE.app/Contents/Eclipse/plugins/com.st.stm32cube.ide.mcu.externaltools.gnu-tools-for-stm32.12.3.rel1.macos64_1.0.200.202406191456/tools/bin/../lib/gcc/arm-none-eabi/12.3.1/../../../../arm-none-eabi/lib/thumb/v7e-m+fp/hard/libc_nano.a(libc_a-memset.o)
                              /Applications/STM32CubeIDE.app/Contents/Eclipse/plugins/com.st.stm32cube.ide.mcu.externaltools.gnu-tools-for-stm32.12.3.rel1.macos64_1.0.200.202406191456/tools/bin/../lib/gcc/arm-none-eabi/12.3.1/../../../../arm-none-eabi/lib/thumb/v7e-m+fp/hard/crt0.o (memset)
/Applications/STM32CubeIDE.app/Contents/Eclipse/plugins/com.st.stm32cube.ide.mcu.externaltools.gnu-tools-for-stm32.12.3.rel1.macos64_1.0.200.202406191456/tools/bin/../lib/gcc/arm-none-eabi/12.3.1/../../../../arm-none-eabi/lib/thumb/v7e-m+fp/hard/libc_nano.a(libc_a-impure.o)
                              /Applications/STM32CubeIDE.app/Contents/Eclipse/plugins/com.st.stm32cube.ide.mcu.externaltools.gnu-tools-for-stm32.12.3.rel1.macos64_1.0.200.202406191456/tools/bin/../lib/gcc/arm-none-eabi/12.3.1/../../../../arm-none-eabi/lib/thumb/v7e-m+fp/hard/libc_nano.a(libc_a-printf.o) (_impure_ptr)
/Applications/STM32CubeIDE.app/Contents/Eclipse/plugins/com.st.stm32cube.ide.mcu.externaltools.gnu-tools-for-stm32.12.3.rel1.macos64_1.0.200.202406191456/tools/bin/../lib/gcc/arm-none-eabi/12.3.1/../../../../arm-none-eabi/lib/thumb/v7e-m+fp/hard/libc_nano.a(libc_a-errno.o)
                              ./Core/Src/syscalls.o (__errno)
/Applications/STM32CubeIDE.app/Contents/Eclipse/plugins/com.st.stm32cube.ide.mcu.externaltools.gnu-tools-for-stm32.12.3.rel1.macos64_1.0.200.202406191456/tools/bin/../lib/gcc/arm-none-eabi/12.3.1/../../../../arm-none-eabi/lib/thumb/v7e-m+fp/hard/libc_nano.a(libc_a-init.o)
                              /Applications/STM32CubeIDE.app/Contents/Eclipse/plugins/com.st.stm32cube.ide.mcu.externaltools.gnu-tools-for-stm32.12.3.rel1.macos64_1.0.200.202406191456/tools/bin/../lib/gcc/arm-none-eabi/12.3.1/../../../../arm-none-eabi/lib/thumb/v7e-m+fp/hard/crt0.o (__libc_init_array)
/Applications/STM32CubeIDE.app/Contents/Eclipse/plugins/com.st.stm32cube.ide.mcu.externaltools.gnu-tools-for-stm32.12.3.rel1.macos64_1.0.200.202406191456/tools/bin/../lib/gcc/arm-none-eabi/12.3.1/../../../../arm-none-eabi/lib/thumb/v7e-m+fp/hard/libc_nano.a(libc_a-lock.o)
[...]
Memory Configuration

Name             Origin             Length             Attributes
RAM              0x20000000         0x00018000         xrw
FLASH            0x08000000         0x00080000         xr
*default*        0x00000000         0xffffffff

Linker script and memory map

LOAD /Applications/STM32CubeIDE.app/Contents/Eclipse/plugins/com.st.stm32cube.ide.mcu.externaltools.gnu-tools-for-stm32.12.3.rel1.macos64_1.0.200.202406191456/tools/bin/../lib/gcc/arm-none-eabi/12.3.1/thumb/v7e-m+fp/hard/crti.o
LOAD /Applications/STM32CubeIDE.app/Contents/Eclipse/plugins/com.st.stm32cube.ide.mcu.externaltools.gnu-tools-for-stm32.12.3.rel1.macos64_1.0.200.202406191456/tools/bin/../lib/gcc/arm-none-eabi/12.3.1/thumb/v7e-m+fp/hard/crtbegin.o
LOAD /Applications/STM32CubeIDE.app/Contents/Eclipse/plugins/com.st.stm32cube.ide.mcu.externaltools.gnu-tools-for-stm32.12.3.rel1.macos64_1.0.200.202406191456/tools/bin/../lib/gcc/arm-none-eabi/12.3.1/../../../../arm-none-eabi/lib/thumb/v7e-m+fp/hard/crt0.o
LOAD ./Core/Src/gpio.o
LOAD ./Core/Src/i2c.o
LOAD ./Core/Src/main.o
LOAD ./Core/Src/spi.o
LOAD ./Core/Src/stm32f4xx_hal_msp.o
LOAD ./Core/Src/stm32f4xx_it.o
LOAD ./Core/Src/syscalls.o
LOAD ./Core/Src/sysmem.o
LOAD ./Core/Src/system_stm32f4xx.o
LOAD ./Core/Src/usart.o
LOAD ./Core/Startup/startup_stm32f401retx.o
LOAD ./Drivers/STM32F4xx_HAL_Driver/Src/stm32f4xx_hal.o
LOAD ./Drivers/STM32F4xx_HAL_Driver/Src/stm32f4xx_hal_cortex.o
LOAD ./Drivers/STM32F4xx_HAL_Driver/Src/stm32f4xx_hal_dma.o
LOAD ./Drivers/STM32F4xx_HAL_Driver/Src/stm32f4xx_hal_dma_ex.o
LOAD ./Drivers/STM32F4xx_HAL_Driver/Src/stm32f4xx_hal_exti.o
LOAD ./Drivers/STM32F4xx_HAL_Driver/Src/stm32f4xx_hal_flash.o
LOAD ./Drivers/STM32F4xx_HAL_Driver/Src/stm32f4xx_hal_flash_ex.o
LOAD ./Drivers/STM32F4xx_HAL_Driver/Src/stm32f4xx_hal_flash_ramfunc.o
LOAD ./Drivers/STM32F4xx_HAL_Driver/Src/stm32f4xx_hal_gpio.o
LOAD ./Drivers/STM32F4xx_HAL_Driver/Src/stm32f4xx_hal_i2c.o
LOAD ./Drivers/STM32F4xx_HAL_Driver/Src/stm32f4xx_hal_i2c_ex.o
LOAD ./Drivers/STM32F4xx_HAL_Driver/Src/stm32f4xx_hal_pwr.o
LOAD ./Drivers/STM32F4xx_HAL_Driver/Src/stm32f4xx_hal_pwr_ex.o
LOAD ./Drivers/STM32F4xx_HAL_Driver/Src/stm32f4xx_hal_rcc.o
LOAD ./Drivers/STM32F4xx_HAL_Driver/Src/stm32f4xx_hal_rcc_ex.o
LOAD ./Drivers/STM32F4xx_HAL_Driver/Src/stm32f4xx_hal_spi.o
LOAD ./Drivers/STM32F4xx_HAL_Driver/Src/stm32f4xx_hal_tim.o
LOAD ./Drivers/STM32F4xx_HAL_Driver/Src/stm32f4xx_hal_tim_ex.o
LOAD ./Drivers/STM32F4xx_HAL_Driver/Src/stm32f4xx_hal_uart.o
LOAD ./Receiver_Setup/Src/nrf2401.o
LOAD ./Receiver_Setup/Src/rtc.o
LOAD ./Receiver_Setup/Src/timeunit.o
START GROUP
LOAD /Applications/STM32CubeIDE.app/Contents/Eclipse/plugins/com.st.stm32cube.ide.mcu.externaltools.gnu-tools-for-stm32.12.3.rel1.macos64_1.0.200.202406191456/tools/bin/../lib/gcc/arm-none-eabi/12.3.1/../../../../arm-none-eabi/lib/thumb/v7e-m+fp/hard/libstdc++_nano.a
LOAD /Applications/STM32CubeIDE.app/Contents/Eclipse/plugins/com.st.stm32cube.ide.mcu.externaltools.gnu-tools-for-stm32.12.3.rel1.macos64_1.0.200.202406191456/tools/bin/../lib/gcc/arm-none-eabi/12.3.1/../../../../arm-none-eabi/lib/thumb/v7e-m+fp/hard/libsupc++_nano.a
END GROUP
LOAD /Applications/STM32CubeIDE.app/Contents/Eclipse/plugins/com.st.stm32cube.ide.mcu.externaltools.gnu-tools-for-stm32.12.3.rel1.macos64_1.0.200.202406191456/tools/bin/../lib/gcc/arm-none-eabi/12.3.1/../../../../arm-none-eabi/lib/thumb/v7e-m+fp/hard/libstdc++_nano.a
LOAD /Applications/STM32CubeIDE.app/Contents/Eclipse/plugins/com.st.stm32cube.ide.mcu.externaltools.gnu-tools-for-stm32.12.3.rel1.macos64_1.0.200.202406191456/tools/bin/../lib/gcc/arm-none-eabi/12.3.1/../../../../arm-none-eabi/lib/thumb/v7e-m+fp/hard/libm.a
LOAD /Applications/STM32CubeIDE.app/Contents/Eclipse/plugins/com.st.stm32cube.ide.mcu.externaltools.gnu-tools-for-stm32.12.3.rel1.macos64_1.0.200.202406191456/tools/bin/../lib/gcc/arm-none-eabi/12.3.1/../../../../arm-none-eabi/lib/thumb/v7e-m+fp/hard/libc_nano.a
START GROUP
LOAD /Applications/STM32CubeIDE.app/Contents/Eclipse/plugins/com.st.stm32cube.ide.mcu.externaltools.gnu-tools-for-stm32.12.3.rel1.macos64_1.0.200.202406191456/tools/bin/../lib/gcc/arm-none-eabi/12.3.1/thumb/v7e-m+fp/hard/libgcc.a
LOAD /Applications/STM32CubeIDE.app/Contents/Eclipse/plugins/com.st.stm32cube.ide.mcu.externaltools.gnu-tools-for-stm32.12.3.rel1.macos64_1.0.200.202406191456/tools/bin/../lib/gcc/arm-none-eabi/12.3.1/../../../../arm-none-eabi/lib/thumb/v7e-m+fp/hard/libc_nano.a
END GROUP
START GROUP
LOAD /Applications/STM32CubeIDE.app/Contents/Eclipse/plugins/com.st.stm32cube.ide.mcu.externaltools.gnu-tools-for-stm32.12.3.rel1.macos64_1.0.200.202406191456/tools/bin/../lib/gcc/arm-none-eabi/12.3.1/thumb/v7e-m+fp/hard/libgcc.a
LOAD /Applications/STM32CubeIDE.app/Contents/Eclipse/plugins/com.st.stm32cube.ide.mcu.externaltools.gnu-tools-for-stm32.12.3.rel1.macos64_1.0.200.202406191456/tools/bin/../lib/gcc/arm-none-eabi/12.3.1/../../../../arm-none-eabi/lib/thumb/v7e-m+fp/hard/libc_nano.a
LOAD /Applications/STM32CubeIDE.app/Contents/Eclipse/plugins/com.st.stm32cube.ide.mcu.externaltools.gnu-tools-for-stm32.12.3.rel1.macos64_1.0.200.202406191456/tools/bin/../lib/gcc/arm-none-eabi/12.3.1/../../../../arm-none-eabi/lib/thumb/v7e-m+fp/hard/libnosys.a
END GROUP
START GROUP
LOAD /Applications/STM32CubeIDE.app/Contents/Eclipse/plugins/com.st.stm32cube.ide.mcu.externaltools.gnu-tools-for-stm32.12.3.rel1.macos64_1.0.200.202406191456/tools/bin/../lib/gcc/arm-none-eabi/12.3.1/thumb/v7e-m+fp/hard/libgcc.a
LOAD /Applications/STM32CubeIDE.app/Contents/Eclipse/plugins/com.st.stm32cube.ide.mcu.externaltools.gnu-tools-for-stm32.12.3.rel1.macos64_1.0.200.202406191456/tools/bin/../lib/gcc/arm-none-eabi/12.3.1/../../../../arm-none-eabi/lib/thumb/v7e-m+fp/hard/libc_nano.a
LOAD /Applications/STM32CubeIDE.app/Contents/Eclipse/plugins/com.st.stm32cube.ide.mcu.externaltools.gnu-tools-for-stm32.12.3.rel1.macos64_1.0.200.202406191456/tools/bin/../lib/gcc/arm-none-eabi/12.3.1/../../../../arm-none-eabi/lib/thumb/v7e-m+fp/hard/libnosys.a
END GROUP
LOAD /Applications/STM32CubeIDE.app/Contents/Eclipse/plugins/com.st.stm32cube.ide.mcu.externaltools.gnu-tools-for-stm32.12.3.rel1.macos64_1.0.200.202406191456/tools/bin/../lib/gcc/arm-none-eabi/12.3.1/thumb/v7e-m+fp/hard/crtend.o
LOAD /Applications/STM32CubeIDE.app/Contents/Eclipse/plugins/com.st.stm32cube.ide.mcu.externaltools.gnu-tools-for-stm32.12.3.rel1.macos64_1.0.200.202406191456/tools/bin/../lib/gcc/arm-none-eabi/12.3.1/thumb/v7e-m+fp/hard/crtn.o
                0x20018000                        _estack = (ORIGIN (RAM) + LENGTH (RAM))
                0x00000200                        _Min_Heap_Size = 0x200
                0x00000400                        _Min_Stack_Size = 0x400

.isr_vector     0x08000000      0x194
                0x08000000                        . = ALIGN (0x4)
 *(.isr_vector)
 .isr_vector    0x08000000      0x194 ./Core/Startup/startup_stm32f401retx.o
                0x08000000                g_pfnVectors
                0x08000194                        . = ALIGN (0x4)

.text           0x080001a0     0x5630
                0x080001a0                        . = ALIGN (0x4)
 *(.text)
 .text          0x080001a0       0x40 /Applications/STM32CubeIDE.app/Contents/Eclipse/plugins/com.st.stm32cube.ide.mcu.externaltools.gnu-tools-for-stm32.12.3.rel1.macos64_1.0.200.202406191456/tools/bin/../lib/gcc/arm-none-eabi/12.3.1/thumb/v7e-m+fp/hard/crtbegin.o
 .text          0x080001e0       0xa0 /Applications/STM32CubeIDE.app/Contents/Eclipse/plugins/com.st.stm32cube.ide.mcu.externaltools.gnu-tools-for-stm32.12.3.rel1.macos64_1.0.200.202406191456/tools/bin/../lib/gcc/arm-none-eabi/12.3.1/../../../../arm-none-eabi/lib/thumb/v7e-m+fp/hard/libc_nano.a(libc_a-memchr.o)
                0x080001e0                memchr
 .text          0x08000280       0x30 /Applications/STM32CubeIDE.app/Contents/Eclipse/plugins/com.st.stm32cube.ide.mcu.externaltools.gnu-tools-for-stm32.12.3.rel1.macos64_1.0.200.202406191456/tools/bin/../lib/gcc/arm-none-eabi/12.3.1/thumb/v7e-m+fp/hard/libgcc.a(_aeabi_uldivmod.o)
                0x08000280                __aeabi_uldivmod
 .text          0x080002b0      0x2bc /Applications/STM32CubeIDE.app/Contents/Eclipse/plugins/com.st.stm32cube.ide.mcu.externaltools.gnu-tools-for-stm32.12.3.rel1.macos64_1.0.200.202406191456/tools/bin/../lib/gcc/arm-none-eabi/12.3.1/thumb/v7e-m+fp/hard/libgcc.a(_udivmoddi4.o)
                0x080002b0                __udivmoddi4
 .text          0x0800056c        0x4 /Applications/STM32CubeIDE.app/Contents/Eclipse/plugins/com.st.stm32cube.ide.mcu.externaltools.gnu-tools-for-stm32.12.3.rel1.macos64_1.0.200.202406191456/tools/bin/../lib/gcc/arm-none-eabi/12.3.1/thumb/v7e-m+fp/hard/libgcc.a(_dvmd_tls.o)
                0x0800056c                __aeabi_ldiv0
                0x0800056c                __aeabi_idiv0
 *(.text*)
 .text.MX_GPIO_Init
                0x08000570       0xfc ./Core/Src/gpio.o
                0x08000570                MX_GPIO_Init
 .text.MX_I2C2_Init
                0x0800066c       0x5c ./Core/Src/i2c.o
                0x0800066c                MX_I2C2_Init
 .text.HAL_I2C_MspInit
                0x080006c8       0xb0 ./Core/Src/i2c.o
                0x080006c8                HAL_I2C_MspInit
 .text._Z14write_registerP19__SPI_HandleTypeDefhPhh
                0x08000778       0x5c ./Core/Src/main.o
                0x08000778                write_register(__SPI_HandleTypeDef*, unsigned char, unsigned char*, unsigned char)
 .text.main     0x080007d4      0x2d8 ./Core/Src/main.o
                0x080007d4                main
 .text._Z18SystemClock_Configv
                0x08000aac       0xd4 ./Core/Src/main.o
                0x08000aac                SystemClock_Config()
 .text.Error_Handler
                0x08000b80        0xc ./Core/Src/main.o
                0x08000b80                Error_Handler
 .text.MX_SPI1_Init
                0x08000b8c       0x6c ./Core/Src/spi.o
                0x08000b8c                MX_SPI1_Init
 .text.HAL_SPI_MspInit
                0x08000bf8       0x90 ./Core/Src/spi.o
                0x08000bf8                HAL_SPI_MspInit
 .text.HAL_MspInit
                0x08000c88       0x50 ./Core/Src/stm32f4xx_hal_msp.o
                0x08000c88                HAL_MspInit
 .text.NMI_Handler
                0x08000cd8        0x8 ./Core/Src/stm32f4xx_it.o
                0x08000cd8                NMI_Handler
 .text.HardFault_Handler
                0x08000ce0        0x8 ./Core/Src/stm32f4xx_it.o
                0x08000ce0                HardFault_Handler
 .text.MemManage_Handler
                0x08000ce8        0x8 ./Core/Src/stm32f4xx_it.o
                0x08000ce8                MemManage_Handler
 .text.BusFault_Handler
                0x08000cf0        0x8 ./Core/Src/stm32f4xx_it.o
                0x08000cf0                BusFault_Handler
 .text.UsageFault_Handler
                0x08000cf8        0x8 ./Core/Src/stm32f4xx_it.o
                0x08000cf8                UsageFault_Handler
 .text.SVC_Handler
                0x08000d00        0xe ./Core/Src/stm32f4xx_it.o
                0x08000d00                SVC_Handler
 .text.DebugMon_Handler
                0x08000d0e        0xe ./Core/Src/stm32f4xx_it.o
                0x08000d0e                DebugMon_Handler
 .text.PendSV_Handler
                0x08000d1c        0xe ./Core/Src/stm32f4xx_it.o
                0x08000d1c                PendSV_Handler
 .text.SysTick_Handler
                0x08000d2a        0xc ./Core/Src/stm32f4xx_it.o
                0x08000d2a                SysTick_Handler
 .text.EXTI9_5_IRQHandler
                0x08000d36       0x10 ./Core/Src/stm32f4xx_it.o
                0x08000d36                EXTI9_5_IRQHandler
 *fill*         0x08000d46        0x2 
 .text.__io_putchar
                0x08000d48       0x24 ./Core/Src/syscalls.o
                0x08000d48                __io_putchar
 .text._read    0x08000d6c       0x3a ./Core/Src/syscalls.o
                0x08000d6c                _read
 .text._write   0x08000da6       0x38 ./Core/Src/syscalls.o
                0x08000da6                _write
 .text._close   0x08000dde       0x18 ./Core/Src/syscalls.o
                0x08000dde                _close
 .text._fstat   0x08000df6       0x20 ./Core/Src/syscalls.o
                0x08000df6                _fstat
 .text._isatty  0x08000e16       0x16 ./Core/Src/syscalls.o
                0x08000e16                _isatty
 .text._lseek   0x08000e2c       0x1a ./Core/Src/syscalls.o
                0x08000e2c                _lseek
 *fill*         0x08000e46        0x2 
 .text._sbrk    0x08000e48       0x6c ./Core/Src/sysmem.o
                0x08000e48                _sbrk
 .text.SystemInit
                0x08000eb4       0x24 ./Core/Src/system_stm32f4xx.o
                0x08000eb4                SystemInit
 .text.MX_USART2_UART_Init
                0x08000ed8       0x54 ./Core/Src/usart.o
                0x08000ed8                MX_USART2_UART_Init
 .text.HAL_UART_MspInit
                0x08000f2c       0x90 ./Core/Src/usart.o
                0x08000f2c                HAL_UART_MspInit
 .text.Reset_Handler
                0x08000fbc       0x50 ./Core/Startup/startup_stm32f401retx.o
                0x08000fbc                Reset_Handler
 .text.Default_Handler
                0x0800100c        0x2 ./Core/Startup/startup_stm32f401retx.o
                0x0800100c                DMA1_Stream3_IRQHandler
                0x0800100c                EXTI2_IRQHandler
                0x0800100c                SPI4_IRQHandler
                0x0800100c                TIM1_CC_IRQHandler
                0x0800100c                DMA2_Stream5_IRQHandler
                0x0800100c                DMA1_Stream5_IRQHandler
                0x0800100c                PVD_IRQHandler
                0x0800100c                SDIO_IRQHandler
                0x0800100c                TAMP_STAMP_IRQHandler
                0x0800100c                EXTI3_IRQHandler
                0x0800100c                TIM1_UP_TIM10_IRQHandler
                0x0800100c                I2C3_ER_IRQHandler
                0x0800100c                EXTI0_IRQHandler
                0x0800100c                I2C2_EV_IRQHandler
                0x0800100c                DMA1_Stream2_IRQHandler
                0x0800100c                FPU_IRQHandler
                0x0800100c                DMA2_Stream2_IRQHandler
                0x0800100c                SPI1_IRQHandler
                0x0800100c                TIM1_BRK_TIM9_IRQHandler
                0x0800100c                DMA2_Stream3_IRQHandler
                0x0800100c                USART6_IRQHandler
                0x0800100c                DMA2_Stream0_IRQHandler
                0x0800100c                TIM4_IRQHandler
                0x0800100c                I2C1_EV_IRQHandler
                0x0800100c                DMA1_Stream6_IRQHandler
                0x0800100c                DMA1_Stream1_IRQHandler
                0x0800100c                TIM3_IRQHandler
                0x0800100c                RCC_IRQHandler
                0x0800100c                Default_Handler
                0x0800100c                EXTI15_10_IRQHandler
                0x0800100c                ADC_IRQHandler
                0x0800100c                DMA1_Stream7_IRQHandler
                0x0800100c                TIM5_IRQHandler
                0x0800100c                DMA2_Stream7_IRQHandler
                0x0800100c                I2C3_EV_IRQHandler
                0x0800100c                RTC_WKUP_IRQHandler
                0x0800100c                SPI2_IRQHandler
                0x0800100c                DMA1_Stream0_IRQHandler
                0x0800100c                EXTI4_IRQHandler
                0x0800100c                WWDG_IRQHandler
                0x0800100c                TIM2_IRQHandler
                0x0800100c                OTG_FS_WKUP_IRQHandler
                0x0800100c                TIM1_TRG_COM_TIM11_IRQHandler
                0x0800100c                EXTI1_IRQHandler
                0x0800100c                USART2_IRQHandler
                0x0800100c                I2C2_ER_IRQHandler
                0x0800100c                DMA2_Stream1_IRQHandler
                0x0800100c                FLASH_IRQHandler
                0x0800100c                DMA2_Stream4_IRQHandler
                0x0800100c                USART1_IRQHandler
                0x0800100c                OTG_FS_IRQHandler
                0x0800100c                SPI3_IRQHandler
                0x0800100c                DMA1_Stream4_IRQHandler
                0x0800100c                I2C1_ER_IRQHandler
                0x0800100c                DMA2_Stream6_IRQHandler
                0x0800100c                RTC_Alarm_IRQHandler
 *fill*         0x0800100e        0x2 
 .text.HAL_Init
                0x08001010       0x44 ./Drivers/STM32F4xx_HAL_Driver/Src/stm32f4xx_hal.o
                0x08001010                HAL_Init
 .text.HAL_InitTick
                0x08001054       0x60 ./Drivers/STM32F4xx_HAL_Driver/Src/stm32f4xx_hal.o
                0x08001054                HAL_InitTick
 .text.HAL_IncTick
                0x080010b4       0x28 ./Drivers/STM32F4xx_HAL_Driver/Src/stm32f4xx_hal.o
                0x080010b4                HAL_IncTick
 .text.HAL_GetTick
                0x080010dc       0x18 ./Drivers/STM32F4xx_HAL_Driver/Src/stm32f4xx_hal.o
                0x080010dc                HAL_GetTick
 .text.HAL_Delay
                0x080010f4       0x48 ./Drivers/STM32F4xx_HAL_Driver/Src/stm32f4xx_hal.o
                0x080010f4                HAL_Delay
 .text.__NVIC_SetPriorityGrouping
                0x0800113c       0x48 ./Drivers/STM32F4xx_HAL_Driver/Src/stm32f4xx_hal_cortex.o
 .text.__NVIC_GetPriorityGrouping
                0x08001184       0x1c ./Drivers/STM32F4xx_HAL_Driver/Src/stm32f4xx_hal_cortex.o
 .text.__NVIC_EnableIRQ
                0x080011a0       0x3c ./Drivers/STM32F4xx_HAL_Driver/Src/stm32f4xx_hal_cortex.o
 .text.__NVIC_SetPriority
                0x080011dc       0x54 ./Drivers/STM32F4xx_HAL_Driver/Src/stm32f4xx_hal_cortex.o
 .text.NVIC_EncodePriority
                0x08001230       0x66 ./Drivers/STM32F4xx_HAL_Driver/Src/stm32f4xx_hal_cortex.o
 *fill*         0x08001296        0x2 
 .text.SysTick_Config
                0x08001298       0x44 ./Drivers/STM32F4xx_HAL_Driver/Src/stm32f4xx_hal_cortex.o
 .text.HAL_NVIC_SetPriorityGrouping
                0x080012dc       0x16 ./Drivers/STM32F4xx_HAL_Driver/Src/stm32f4xx_hal_cortex.o
                0x080012dc                HAL_NVIC_SetPriorityGrouping
 .text.HAL_NVIC_SetPriority
                0x080012f2       0x38 ./Drivers/STM32F4xx_HAL_Driver/Src/stm32f4xx_hal_cortex.o
                0x080012f2                HAL_NVIC_SetPriority
 .text.HAL_NVIC_EnableIRQ
                0x0800132a       0x1c ./Drivers/STM32F4xx_HAL_Driver/Src/stm32f4xx_hal_cortex.o
                0x0800132a                HAL_NVIC_EnableIRQ
 .text.HAL_SYSTICK_Config
                0x08001346       0x18 ./Drivers/STM32F4xx_HAL_Driver/Src/stm32f4xx_hal_cortex.o
                0x08001346                HAL_SYSTICK_Config
 *fill*         0x0800135e        0x2 
 .text.HAL_GPIO_Init
                0x08001360      0x308 ./Drivers/STM32F4xx_HAL_Driver/Src/stm32f4xx_hal_gpio.o
                0x08001360                HAL_GPIO_Init
 .text.HAL_GPIO_WritePin
                0x08001668       0x32 ./Drivers/STM32F4xx_HAL_Driver/Src/stm32f4xx_hal_gpio.o
                0x08001668                HAL_GPIO_WritePin
 *fill*         0x0800169a        0x2 
 .text.HAL_GPIO_EXTI_IRQHandler
                0x0800169c       0x30 ./Drivers/STM32F4xx_HAL_Driver/Src/stm32f4xx_hal_gpio.o
                0x0800169c                HAL_GPIO_EXTI_IRQHandler
 .text.HAL_I2C_Init
                0x080016cc      0x288 ./Drivers/STM32F4xx_HAL_Driver/Src/stm32f4xx_hal_i2c.o
                0x080016cc                HAL_I2C_Init
 .text.HAL_I2C_Mem_Write
                0x08001954      0x1f4 ./Drivers/STM32F4xx_HAL_Driver/Src/stm32f4xx_hal_i2c.o
                0x08001954                HAL_I2C_Mem_Write
 .text.I2C_RequestMemoryWrite
                0x08001b48      0x12c ./Drivers/STM32F4xx_HAL_Driver/Src/stm32f4xx_hal_i2c.o
 .text.I2C_WaitOnFlagUntilTimeout
                0x08001c74       0xf4 ./Drivers/STM32F4xx_HAL_Driver/Src/stm32f4xx_hal_i2c.o
 .text.I2C_WaitOnMasterAddressFlagUntilTimeout
                0x08001d68      0x140 ./Drivers/STM32F4xx_HAL_Driver/Src/stm32f4xx_hal_i2c.o
 .text.I2C_WaitOnTXEFlagUntilTimeout
                0x08001ea8       0x90 ./Drivers/STM32F4xx_HAL_Driver/Src/stm32f4xx_hal_i2c.o
 .text.I2C_WaitOnBTFFlagUntilTimeout
                0x08001f38       0x90 ./Drivers/STM32F4xx_HAL_Driver/Src/stm32f4xx_hal_i2c.o
 .text.I2C_IsAcknowledgeFailed
                0x08001fc8       0x5e ./Drivers/STM32F4xx_HAL_Driver/Src/stm32f4xx_hal_i2c.o
 *fill*         0x08002026        0x2 
 .text.HAL_RCC_OscConfig
                0x08002028      0x4f0 ./Drivers/STM32F4xx_HAL_Driver/Src/stm32f4xx_hal_rcc.o
                0x08002028                HAL_RCC_OscConfig
 .text.HAL_RCC_ClockConfig
                0x08002518      0x1cc ./Drivers/STM32F4xx_HAL_Driver/Src/stm32f4xx_hal_rcc.o
                0x08002518                HAL_RCC_ClockConfig
 .text.HAL_RCC_GetSysClockFreq
                0x080026e4      0x18c ./Drivers/STM32F4xx_HAL_Driver/Src/stm32f4xx_hal_rcc.o
                0x080026e4                HAL_RCC_GetSysClockFreq
 .text.HAL_RCC_GetHCLKFreq
                0x08002870       0x18 ./Drivers/STM32F4xx_HAL_Driver/Src/stm32f4xx_hal_rcc.o
                0x08002870                HAL_RCC_GetHCLKFreq
 .text.HAL_RCC_GetPCLK1Freq
                0x08002888       0x28 ./Drivers/STM32F4xx_HAL_Driver/Src/stm32f4xx_hal_rcc.o
                0x08002888                HAL_RCC_GetPCLK1Freq
 .text.HAL_RCC_GetPCLK2Freq
                0x080028b0       0x28 ./Drivers/STM32F4xx_HAL_Driver/Src/stm32f4xx_hal_rcc.o
                0x080028b0                HAL_RCC_GetPCLK2Freq
 .text.HAL_SPI_Init
                0x080028d8      0x112 ./Drivers/STM32F4xx_HAL_Driver/Src/stm32f4xx_hal_spi.o
                0x080028d8                HAL_SPI_Init
 .text.HAL_SPI_Transmit
                0x080029ea      0x288 ./Drivers/STM32F4xx_HAL_Driver/Src/stm32f4xx_hal_spi.o
                0x080029ea                HAL_SPI_Transmit
 .text.HAL_SPI_Receive
                0x08002c72      0x232 ./Drivers/STM32F4xx_HAL_Driver/Src/stm32f4xx_hal_spi.o
                0x08002c72                HAL_SPI_Receive
 .text.HAL_SPI_TransmitReceive
                0x08002ea4      0x352 ./Drivers/STM32F4xx_HAL_Driver/Src/stm32f4xx_hal_spi.o
                0x08002ea4                HAL_SPI_TransmitReceive
 *fill*         0x080031f6        0x2 
 .text.SPI_WaitFlagStateUntilTimeout
                0x080031f8      0x110 ./Drivers/STM32F4xx_HAL_Driver/Src/stm32f4xx_hal_spi.o
 .text.SPI_EndRxTransaction
                0x08003308       0xca ./Drivers/STM32F4xx_HAL_Driver/Src/stm32f4xx_hal_spi.o
 *fill*         0x080033d2        0x2 
 .text.SPI_EndRxTxTransaction
                0x080033d4       0xa8 ./Drivers/STM32F4xx_HAL_Driver/Src/stm32f4xx_hal_spi.o
 .text.HAL_UART_Init
                0x0800347c       0xa0 ./Drivers/STM32F4xx_HAL_Driver/Src/stm32f4xx_hal_uart.o
                0x0800347c                HAL_UART_Init
 .text.HAL_UART_Transmit
                0x0800351c      0x116 ./Drivers/STM32F4xx_HAL_Driver/Src/stm32f4xx_hal_uart.o
                0x0800351c                HAL_UART_Transmit
 .text.UART_WaitOnFlagUntilTimeout
                0x08003632       0xb2 ./Drivers/STM32F4xx_HAL_Driver/Src/stm32f4xx_hal_uart.o
 .text.UART_EndRxTransfer
                0x080036e4       0xc6 ./Drivers/STM32F4xx_HAL_Driver/Src/stm32f4xx_hal_uart.o
 *fill*         0x080037aa        0x2 
 .text.UART_SetConfig
                0x080037ac      0x4e8 ./Drivers/STM32F4xx_HAL_Driver/Src/stm32f4xx_hal_uart.o
 .text._ZN7NRF2401C2EP19__SPI_HandleTypeDefP12GPIO_TypeDefS3_S3_ttt
                0x08003c94       0x46 ./Receiver_Setup/Src/nrf2401.o
                0x08003c94                NRF2401::NRF2401(__SPI_HandleTypeDef*, GPIO_TypeDef*, GPIO_TypeDef*, GPIO_TypeDef*, unsigned short, unsigned short, unsigned short)
                0x08003c94                NRF2401::NRF2401(__SPI_HandleTypeDef*, GPIO_TypeDef*, GPIO_TypeDef*, GPIO_TypeDef*, unsigned short, unsigned short, unsigned short)
 .text._ZN7NRF240114write_registerEhPhh
                0x08003cda       0x66 ./Receiver_Setup/Src/nrf2401.o
                0x08003cda                NRF2401::write_register(unsigned char, unsigned char*, unsigned char)
 .text._ZN7NRF240113read_registerEhPhh
                0x08003d40       0x60 ./Receiver_Setup/Src/nrf2401.o
                0x08003d40                NRF2401::read_register(unsigned char, unsigned char*, unsigned char)
 .text._ZN7NRF240116send_spi_commandEh
                0x08003da0       0x42 ./Receiver_Setup/Src/nrf2401.o
                0x08003da0                NRF2401::send_spi_command(unsigned char)
 .text._ZN7NRF240112nrf_power_onEv
                0x08003de2       0x44 ./Receiver_Setup/Src/nrf2401.o
                0x08003de2                NRF2401::nrf_power_on()
 .text._ZN7NRF240115nrf_set_prim_rxEv
                0x08003e26       0x58 ./Receiver_Setup/Src/nrf2401.o
                0x08003e26                NRF2401::nrf_set_prim_rx()
 .text._ZN7NRF240110enable_crcEb
                0x08003e7e       0x62 ./Receiver_Setup/Src/nrf2401.o
                0x08003e7e                NRF2401::enable_crc(bool)
 .text._ZN7NRF240124set_rf_channel_frequencyEt
                0x08003ee0       0x64 ./Receiver_Setup/Src/nrf2401.o
                0x08003ee0                NRF2401::set_rf_channel_frequency(unsigned short)
 .text._ZN7NRF240117set_air_data_rateE9DATA_RATE
                0x08003f44       0x9e ./Receiver_Setup/Src/nrf2401.o
                0x08003f44                NRF2401::set_air_data_rate(DATA_RATE)
 .text._ZN7NRF240117set_address_widthE10ADDR_WIDTH
                0x08003fe2       0x76 ./Receiver_Setup/Src/nrf2401.o
                0x08003fe2                NRF2401::set_address_width(ADDR_WIDTH)
 .text._ZN7NRF240119set_auto_retransmitEht
                0x08004058       0xac ./Receiver_Setup/Src/nrf2401.o
                0x08004058                NRF2401::set_auto_retransmit(unsigned char, unsigned short)
 .text._ZN7NRF24018nrf_initEt9DATA_RATE10ADDR_WIDTH
                0x08004104       0x58 ./Receiver_Setup/Src/nrf2401.o
                0x08004104                NRF2401::nrf_init(unsigned short, DATA_RATE, ADDR_WIDTH)
 .text._ZN7NRF240122setup_receiver_channelEhh
                0x0800415c       0x84 ./Receiver_Setup/Src/nrf2401.o
                0x0800415c                NRF2401::setup_receiver_channel(unsigned char, unsigned char)
 .text._ZN7NRF240113setup_rx_modeEPhhhhh
                0x080041e0       0x4c ./Receiver_Setup/Src/nrf2401.o
                0x080041e0                NRF2401::setup_rx_mode(unsigned char*, unsigned char, unsigned char, unsigned char, unsigned char)
 .text._ZN7NRF240128set_data_pipe_payload_lengthEhh
                0x0800422c       0x48 ./Receiver_Setup/Src/nrf2401.o
                0x0800422c                NRF2401::set_data_pipe_payload_length(unsigned char, unsigned char)
 .text._ZN7NRF240125receive_data_from_rx_fifoEPh
                0x08004274       0x58 ./Receiver_Setup/Src/nrf2401.o
                0x08004274                NRF2401::receive_data_from_rx_fifo(unsigned char*)
 .text._ZN7NRF240118get_operating_modeEv
                0x080042cc       0x18 ./Receiver_Setup/Src/nrf2401.o
                0x080042cc                NRF2401::get_operating_mode()
 .text.HAL_GPIO_EXTI_Callback
                0x080042e4      0x178 ./Receiver_Setup/Src/nrf2401.o
                0x080042e4                HAL_GPIO_EXTI_Callback
 .text._Z41__static_initialization_and_destruction_0ii
                0x0800445c       0x54 ./Receiver_Setup/Src/nrf2401.o
 .text._GLOBAL__sub_I_rx_data_received
                0x080044b0       0x10 ./Receiver_Setup/Src/nrf2401.o
 .text._ZN11TimeManager11getTimeSpanEv
                0x080044c0       0x30 ./Receiver_Setup/Src/rtc.o
                0x080044c0                TimeManager::getTimeSpan()
 .text._ZN8Time_RTCC2EP17I2C_HandleTypeDefbhhhhhhh
                0x080044f0       0x5c ./Receiver_Setup/Src/rtc.o
                0x080044f0                Time_RTC::Time_RTC(I2C_HandleTypeDef*, bool, unsigned char, unsigned char, unsigned char, unsigned char, unsigned char, unsigned char, unsigned char)
                0x080044f0                Time_RTC::Time_RTC(I2C_HandleTypeDef*, bool, unsigned char, unsigned char, unsigned char, unsigned char, unsigned char, unsigned char, unsigned char)
 .text._ZN8Time_RTC13rtc_write_regEhPh
                0x0800454c       0x54 ./Receiver_Setup/Src/rtc.o
                0x0800454c                Time_RTC::rtc_write_reg(unsigned char, unsigned char*)
 .text._ZN8Time_RTC8rtc_initEv
                0x080045a0      0x104 ./Receiver_Setup/Src/rtc.o
                0x080045a0                Time_RTC::rtc_init()
 .text._ZN11TimeManagerC2Ehhhhhhhb
                0x080046a4       0xf6 ./Receiver_Setup/Src/timeunit.o
                0x080046a4                TimeManager::TimeManager(unsigned char, unsigned char, unsigned char, unsigned char, unsigned char, unsigned char, unsigned char, bool)
                0x080046a4                TimeManager::TimeManager(unsigned char, unsigned char, unsigned char, unsigned char, unsigned char, unsigned char, unsigned char, bool)
 *fill*         0x0800479a        0x2 
 .text._ZN11TimeManager27convert_decimal_time_to_bcdEv
                0x0800479c      0x104 ./Receiver_Setup/Src/timeunit.o
                0x0800479c                TimeManager::convert_decimal_time_to_bcd()
 .text.std      0x080048a0       0x6c /Applications/STM32CubeIDE.app/Contents/Eclipse/plugins/com.st.stm32cube.ide.mcu.externaltools.gnu-tools-for-stm32.12.3.rel1.macos64_1.0.200.202406191456/tools/bin/../lib/gcc/arm-none-eabi/12.3.1/../../../../arm-none-eabi/lib/thumb/v7e-m+fp/hard/libc_nano.a(libc_a-findfp.o)
 .text.stdio_exit_handler
                0x0800490c       0x18 /Applications/STM32CubeIDE.app/Contents/Eclipse/plugins/com.st.stm32cube.ide.mcu.externaltools.gnu-tools-for-stm32.12.3.rel1.macos64_1.0.200.202406191456/tools/bin/../lib/gcc/arm-none-eabi/12.3.1/../../../../arm-none-eabi/lib/thumb/v7e-m+fp/hard/libc_nano.a(libc_a-findfp.o)
 .text.cleanup_stdio
                0x08004924       0x40 /Applications/STM32CubeIDE.app/Contents/Eclipse/plugins/com.st.stm32cube.ide.mcu.externaltools.gnu-tools-for-stm32.12.3.rel1.macos64_1.0.200.202406191456/tools/bin/../lib/gcc/arm-none-eabi/12.3.1/../../../../arm-none-eabi/lib/thumb/v7e-m+fp/hard/libc_nano.a(libc_a-findfp.o)
 .text.global_stdio_init.part.0
                0x08004964       0x3c /Applications/STM32CubeIDE.app/Contents/Eclipse/plugins/com.st.stm32cube.ide.mcu.externaltools.gnu-tools-for-stm32.12.3.rel1.macos64_1.0.200.202406191456/tools/bin/../lib/gcc/arm-none-eabi/12.3.1/../../../../arm-none-eabi/lib/thumb/v7e-m+fp/hard/libc_nano.a(libc_a-findfp.o)
 .text.__sfp_lock_acquire
                0x080049a0        0xc /Applications/STM32CubeIDE.app/Contents/Eclipse/plugins/com.st.stm32cube.ide.mcu.externaltools.gnu-tools-for-stm32.12.3.rel1.macos64_1.0.200.202406191456/tools/bin/../lib/gcc/arm-none-eabi/12.3.1/../../../../arm-none-eabi/lib/thumb/v7e-m+fp/hard/libc_nano.a(libc_a-findfp.o)
                0x080049a0                __sfp_lock_acquire
 .text.__sfp_lock_release
                0x080049ac        0xc /Applications/STM32CubeIDE.app/Contents/Eclipse/plugins/com.st.stm32cube.ide.mcu.externaltools.gnu-tools-for-stm32.12.3.rel1.macos64_1.0.200.202406191456/tools/bin/../lib/gcc/arm-none-eabi/12.3.1/../../../../arm-none-eabi/lib/thumb/v7e-m+fp/hard/libc_nano.a(libc_a-findfp.o)
                0x080049ac                __sfp_lock_release
 .text.__sinit  0x080049b8       0x30 /Applications/STM32CubeIDE.app/Contents/Eclipse/plugins/com.st.stm32cube.ide.mcu.externaltools.gnu-tools-for-stm32.12.3.rel1.macos64_1.0.200.202406191456/tools/bin/../lib/gcc/arm-none-eabi/12.3.1/../../../../arm-none-eabi/lib/thumb/v7e-m+fp/hard/libc_nano.a(libc_a-findfp.o)
                0x080049b8                __sinit
 .text._fwalk_sglue
                0x080049e8       0x3c /Applications/STM32CubeIDE.app/Contents/Eclipse/plugins/com.st.stm32cube.ide.mcu.externaltools.gnu-tools-for-stm32.12.3.rel1.macos64_1.0.200.202406191456/tools/bin/../lib/gcc/arm-none-eabi/12.3.1/../../../../arm-none-eabi/lib/thumb/v7e-m+fp/hard/libc_nano.a(libc_a-fwalk.o)
                0x080049e8                _fwalk_sglue
 .text.printf   0x08004a24       0x24 /Applications/STM32CubeIDE.app/Contents/Eclipse/plugins/com.st.stm32cube.ide.mcu.externaltools.gnu-tools-for-stm32.12.3.rel1.macos64_1.0.200.202406191456/tools/bin/../lib/gcc/arm-none-eabi/12.3.1/../../../../arm-none-eabi/lib/thumb/v7e-m+fp/hard/libc_nano.a(libc_a-printf.o)
                0x08004a24                printf
                0x08004a24                iprintf
 .text._puts_r  0x08004a48       0xaa /Applications/STM32CubeIDE.app/Contents/Eclipse/plugins/com.st.stm32cube.ide.mcu.externaltools.gnu-tools-for-stm32.12.3.rel1.macos64_1.0.200.202406191456/tools/bin/../lib/gcc/arm-none-eabi/12.3.1/../../../../arm-none-eabi/lib/thumb/v7e-m+fp/hard/libc_nano.a(libc_a-puts.o)
                0x08004a48                _puts_r
 *fill*         0x08004af2        0x2 
 .text.puts     0x08004af4       0x10 /Applications/STM32CubeIDE.app/Contents/Eclipse/plugins/com.st.stm32cube.ide.mcu.externaltools.gnu-tools-for-stm32.12.3.rel1.macos64_1.0.200.202406191456/tools/bin/../lib/gcc/arm-none-eabi/12.3.1/../../../../arm-none-eabi/lib/thumb/v7e-m+fp/hard/libc_nano.a(libc_a-puts.o)
                0x08004af4                puts
 .text.memset   0x08004b04       0x10 /Applications/STM32CubeIDE.app/Contents/Eclipse/plugins/com.st.stm32cube.ide.mcu.externaltools.gnu-tools-for-stm32.12.3.rel1.macos64_1.0.200.202406191456/tools/bin/../lib/gcc/arm-none-eabi/12.3.1/../../../../arm-none-eabi/lib/thumb/v7e-m+fp/hard/libc_nano.a(libc_a-memset.o)
                0x08004b04                memset
 .text.__errno  0x08004b14        0xc /Applications/STM32CubeIDE.app/Contents/Eclipse/plugins/com.st.stm32cube.ide.mcu.externaltools.gnu-tools-for-stm32.12.3.rel1.macos64_1.0.200.202406191456/tools/bin/../lib/gcc/arm-none-eabi/12.3.1/../../../../arm-none-eabi/lib/thumb/v7e-m+fp/hard/libc_nano.a(libc_a-errno.o)
                0x08004b14                __errno
 .text.__libc_init_array
                0x08004b20       0x48 /Applications/STM32CubeIDE.app/Contents/Eclipse/plugins/com.st.stm32cube.ide.mcu.externaltools.gnu-tools-for-stm32.12.3.rel1.macos64_1.0.200.202406191456/tools/bin/../lib/gcc/arm-none-eabi/12.3.1/../../../../arm-none-eabi/lib/thumb/v7e-m+fp/hard/libc_nano.a(libc_a-init.o)
                0x08004b20                __libc_init_array
 .text.__retarget_lock_init_recursive
                0x08004b68        0x2 /Applications/STM32CubeIDE.app/Contents/Eclipse/plugins/com.st.stm32cube.ide.mcu.externaltools.gnu-tools-for-stm32.12.3.rel1.macos64_1.0.200.202406191456/tools/bin/../lib/gcc/arm-none-eabi/12.3.1/../../../../arm-none-eabi/lib/thumb/v7e-m+fp/hard/libc_nano.a(libc_a-lock.o)
                0x08004b68                __retarget_lock_init_recursive
 .text.__retarget_lock_acquire_recursive
                0x08004b6a        0x2 /Applications/STM32CubeIDE.app/Contents/Eclipse/plugins/com.st.stm32cube.ide.mcu.externaltools.gnu-tools-for-stm32.12.3.rel1.macos64_1.0.200.202406191456/tools/bin/../lib/gcc/arm-none-eabi/12.3.1/../../../../arm-none-eabi/lib/thumb/v7e-m+fp/hard/libc_nano.a(libc_a-lock.o)
                0x08004b6a                __retarget_lock_acquire_recursive
 .text.__retarget_lock_release_recursive
                0x08004b6c        0x2 /Applications/STM32CubeIDE.app/Contents/Eclipse/plugins/com.st.stm32cube.ide.mcu.externaltools.gnu-tools-for-stm32.12.3.rel1.macos64_1.0.200.202406191456/tools/bin/../lib/gcc/arm-none-eabi/12.3.1/../../../../arm-none-eabi/lib/thumb/v7e-m+fp/hard/libc_nano.a(libc_a-lock.o)
                0x08004b6c                __retarget_lock_release_recursive
 .text.__sfputc_r
                0x08004b6e       0x2e /Applications/STM32CubeIDE.app/Contents/Eclipse/plugins/com.st.stm32cube.ide.mcu.externaltools.gnu-tools-for-stm32.12.3.rel1.macos64_1.0.200.202406191456/tools/bin/../lib/gcc/arm-none-eabi/12.3.1/../../../../arm-none-eabi/lib/thumb/v7e-m+fp/hard/libc_nano.a(libc_a-nano-vfprintf.o)
 .text.__sfputs_r
                0x08004b9c       0x24 /Applications/STM32CubeIDE.app/Contents/Eclipse/plugins/com.st.stm32cube.ide.mcu.externaltools.gnu-tools-for-stm32.12.3.rel1.macos64_1.0.200.202406191456/tools/bin/../lib/gcc/arm-none-eabi/12.3.1/../../../../arm-none-eabi/lib/thumb/v7e-m+fp/hard/libc_nano.a(libc_a-nano-vfprintf.o)
                0x08004b9c                __sfputs_r
 .text._vfprintf_r
                0x08004bc0      0x230 /Applications/STM32CubeIDE.app/Contents/Eclipse/plugins/com.st.stm32cube.ide.mcu.externaltools.gnu-tools-for-stm32.12.3.rel1.macos64_1.0.200.202406191456/tools/bin/../lib/gcc/arm-none-eabi/12.3.1/../../../../arm-none-eabi/lib/thumb/v7e-m+fp/hard/libc_nano.a(libc_a-nano-vfprintf.o)
                0x08004bc0                _vfiprintf_r
                0x08004bc0                _vfprintf_r
 .text.sbrk_aligned
                0x08004df0       0x44 /Applications/STM32CubeIDE.app/Contents/Eclipse/plugins/com.st.stm32cube.ide.mcu.externaltools.gnu-tools-for-stm32.12.3.rel1.macos64_1.0.200.202406191456/tools/bin/../lib/gcc/arm-none-eabi/12.3.1/../../../../arm-none-eabi/lib/thumb/v7e-m+fp/hard/libc_nano.a(libc_a-mallocr.o)
 .text._malloc_r
                0x08004e34      0x100 /Applications/STM32CubeIDE.app/Contents/Eclipse/plugins/com.st.stm32cube.ide.mcu.externaltools.gnu-tools-for-stm32.12.3.rel1.macos64_1.0.200.202406191456/tools/bin/../lib/gcc/arm-none-eabi/12.3.1/../../../../arm-none-eabi/lib/thumb/v7e-m+fp/hard/libc_nano.a(libc_a-mallocr.o)
                0x08004e34                _malloc_r
 .text._printf_common
                0x08004f34       0xda /Applications/STM32CubeIDE.app/Contents/Eclipse/plugins/com.st.stm32cube.ide.mcu.externaltools.gnu-tools-for-stm32.12.3.rel1.macos64_1.0.200.202406191456/tools/bin/../lib/gcc/arm-none-eabi/12.3.1/../../../../arm-none-eabi/lib/thumb/v7e-m+fp/hard/libc_nano.a(libc_a-nano-vfprintf_i.o)
                0x08004f34                _printf_common
 *fill*         0x0800500e        0x2 
 .text._printf_i
                0x08005010      0x240 /Applications/STM32CubeIDE.app/Contents/Eclipse/plugins/com.st.stm32cube.ide.mcu.externaltools.gnu-tools-for-stm32.12.3.rel1.macos64_1.0.200.202406191456/tools/bin/../lib/gcc/arm-none-eabi/12.3.1/../../../../arm-none-eabi/lib/thumb/v7e-m+fp/hard/libc_nano.a(libc_a-nano-vfprintf_i.o)
                0x08005010                _printf_i
 .text.__sflush_r
                0x08005250      0x108 /Applications/STM32CubeIDE.app/Contents/Eclipse/plugins/com.st.stm32cube.ide.mcu.externaltools.gnu-tools-for-stm32.12.3.rel1.macos64_1.0.200.202406191456/tools/bin/../lib/gcc/arm-none-eabi/12.3.1/../../../../arm-none-eabi/lib/thumb/v7e-m+fp/hard/libc_nano.a(libc_a-fflush.o)
                0x08005250                __sflush_r
 .text._fflush_r
                0x08005358       0x50 /Applications/STM32CubeIDE.app/Contents/Eclipse/plugins/com.st.stm32cube.ide.mcu.externaltools.gnu-tools-for-stm32.12.3.rel1.macos64_1.0.200.202406191456/tools/bin/../lib/gcc/arm-none-eabi/12.3.1/../../../../arm-none-eabi/lib/thumb/v7e-m+fp/hard/libc_nano.a(libc_a-fflush.o)
                0x08005358                _fflush_r
 .text.__malloc_lock
                0x080053a8        0xc /Applications/STM32CubeIDE.app/Contents/Eclipse/plugins/com.st.stm32cube.ide.mcu.externaltools.gnu-tools-for-stm32.12.3.rel1.macos64_1.0.200.202406191456/tools/bin/../lib/gcc/arm-none-eabi/12.3.1/../../../../arm-none-eabi/lib/thumb/v7e-m+fp/hard/libc_nano.a(libc_a-mlock.o)
                0x080053a8                __malloc_lock
 .text.__malloc_unlock
                0x080053b4        0xc /Applications/STM32CubeIDE.app/Contents/Eclipse/plugins/com.st.stm32cube.ide.mcu.externaltools.gnu-tools-for-stm32.12.3.rel1.macos64_1.0.200.202406191456/tools/bin/../lib/gcc/arm-none-eabi/12.3.1/../../../../arm-none-eabi/lib/thumb/v7e-m+fp/hard/libc_nano.a(libc_a-mlock.o)
                0x080053b4                __malloc_unlock
 .text.__sread  0x080053c0       0x22 /Applications/STM32CubeIDE.app/Contents/Eclipse/plugins/com.st.stm32cube.ide.mcu.externaltools.gnu-tools-for-stm32.12.3.rel1.macos64_1.0.200.202406191456/tools/bin/../lib/gcc/arm-none-eabi/12.3.1/../../../../arm-none-eabi/lib/thumb/v7e-m+fp/hard/libc_nano.a(libc_a-stdio.o)
                0x080053c0                __sread
 .text.__swrite
                0x080053e2       0x38 /Applications/STM32CubeIDE.app/Contents/Eclipse/plugins/com.st.stm32cube.ide.mcu.externaltools.gnu-tools-for-stm32.12.3.rel1.macos64_1.0.200.202406191456/tools/bin/../lib/gcc/arm-none-eabi/12.3.1/../../../../arm-none-eabi/lib/thumb/v7e-m+fp/hard/libc_nano.a(libc_a-stdio.o)
                0x080053e2                __swrite
 .text.__sseek  0x0800541a       0x24 /Applications/STM32CubeIDE.app/Contents/Eclipse/plugins/com.st.stm32cube.ide.mcu.externaltools.gnu-tools-for-stm32.12.3.rel1.macos64_1.0.200.202406191456/tools/bin/../lib/gcc/arm-none-eabi/12.3.1/../../../../arm-none-eabi/lib/thumb/v7e-m+fp/hard/libc_nano.a(libc_a-stdio.o)
                0x0800541a                __sseek
 .text.__sclose
                0x0800543e        0x8 /Applications/STM32CubeIDE.app/Contents/Eclipse/plugins/com.st.stm32cube.ide.mcu.externaltools.gnu-tools-for-stm32.12.3.rel1.macos64_1.0.200.202406191456/tools/bin/../lib/gcc/arm-none-eabi/12.3.1/../../../../arm-none-eabi/lib/thumb/v7e-m+fp/hard/libc_nano.a(libc_a-stdio.o)
                0x0800543e                __sclose
 .text.__swbuf_r
                0x08005446       0x7c /Applications/STM32CubeIDE.app/Contents/Eclipse/plugins/com.st.stm32cube.ide.mcu.externaltools.gnu-tools-for-stm32.12.3.rel1.macos64_1.0.200.202406191456/tools/bin/../lib/gcc/arm-none-eabi/12.3.1/../../../../arm-none-eabi/lib/thumb/v7e-m+fp/hard/libc_nano.a(libc_a-wbuf.o)
                0x08005446                __swbuf_r
 *fill*         0x080054c2        0x2 
 .text.__swsetup_r
                0x080054c4       0xac /Applications/STM32CubeIDE.app/Contents/Eclipse/plugins/com.st.stm32cube.ide.mcu.externaltools.gnu-tools-for-stm32.12.3.rel1.macos64_1.0.200.202406191456/tools/bin/../lib/gcc/arm-none-eabi/12.3.1/../../../../arm-none-eabi/lib/thumb/v7e-m+fp/hard/libc_nano.a(libc_a-wsetup.o)
                0x080054c4                __swsetup_r
 .text.__swhatbuf_r
                0x08005570       0x4c /Applications/STM32CubeIDE.app/Contents/Eclipse/plugins/com.st.stm32cube.ide.mcu.externaltools.gnu-tools-for-stm32.12.3.rel1.macos64_1.0.200.202406191456/tools/bin/../lib/gcc/arm-none-eabi/12.3.1/../../../../arm-none-eabi/lib/thumb/v7e-m+fp/hard/libc_nano.a(libc_a-makebuf.o)
                0x08005570                __swhatbuf_r
 .text.__smakebuf_r
                0x080055bc       0x78 /Applications/STM32CubeIDE.app/Contents/Eclipse/plugins/com.st.stm32cube.ide.mcu.externaltools.gnu-tools-for-stm32.12.3.rel1.macos64_1.0.200.202406191456/tools/bin/../lib/gcc/arm-none-eabi/12.3.1/../../../../arm-none-eabi/lib/thumb/v7e-m+fp/hard/libc_nano.a(libc_a-makebuf.o)
                0x080055bc                __smakebuf_r
 .text._close_r
                0x08005634       0x20 /Applications/STM32CubeIDE.app/Contents/Eclipse/plugins/com.st.stm32cube.ide.mcu.externaltools.gnu-tools-for-stm32.12.3.rel1.macos64_1.0.200.202406191456/tools/bin/../lib/gcc/arm-none-eabi/12.3.1/../../../../arm-none-eabi/lib/thumb/v7e-m+fp/hard/libc_nano.a(libc_a-closer.o)
                0x08005634                _close_r
 .text._fstat_r
                0x08005654       0x24 /Applications/STM32CubeIDE.app/Contents/Eclipse/plugins/com.st.stm32cube.ide.mcu.externaltools.gnu-tools-for-stm32.12.3.rel1.macos64_1.0.200.202406191456/tools/bin/../lib/gcc/arm-none-eabi/12.3.1/../../../../arm-none-eabi/lib/thumb/v7e-m+fp/hard/libc_nano.a(libc_a-fstatr.o)
                0x08005654                _fstat_r
 .text._isatty_r
                0x08005678       0x20 /Applications/STM32CubeIDE.app/Contents/Eclipse/plugins/com.st.stm32cube.ide.mcu.externaltools.gnu-tools-for-stm32.12.3.rel1.macos64_1.0.200.202406191456/tools/bin/../lib/gcc/arm-none-eabi/12.3.1/../../../../arm-none-eabi/lib/thumb/v7e-m+fp/hard/libc_nano.a(libc_a-isattyr.o)
                0x08005678                _isatty_r
 .text._lseek_r
                0x08005698       0x24 /Applications/STM32CubeIDE.app/Contents/Eclipse/plugins/com.st.stm32cube.ide.mcu.externaltools.gnu-tools-for-stm32.12.3.rel1.macos64_1.0.200.202406191456/tools/bin/../lib/gcc/arm-none-eabi/12.3.1/../../../../arm-none-eabi/lib/thumb/v7e-m+fp/hard/libc_nano.a(libc_a-lseekr.o)
                0x08005698                _lseek_r
 .text._read_r  0x080056bc       0x24 /Applications/STM32CubeIDE.app/Contents/Eclipse/plugins/com.st.stm32cube.ide.mcu.externaltools.gnu-tools-for-stm32.12.3.rel1.macos64_1.0.200.202406191456/tools/bin/../lib/gcc/arm-none-eabi/12.3.1/../../../../arm-none-eabi/lib/thumb/v7e-m+fp/hard/libc_nano.a(libc_a-readr.o)
                0x080056bc                _read_r
 .text._sbrk_r  0x080056e0       0x20 /Applications/STM32CubeIDE.app/Contents/Eclipse/plugins/com.st.stm32cube.ide.mcu.externaltools.gnu-tools-for-stm32.12.3.rel1.macos64_1.0.200.202406191456/tools/bin/../lib/gcc/arm-none-eabi/12.3.1/../../../../arm-none-eabi/lib/thumb/v7e-m+fp/hard/libc_nano.a(libc_a-sbrkr.o)
                0x080056e0                _sbrk_r
 .text._write_r
                0x08005700       0x24 /Applications/STM32CubeIDE.app/Contents/Eclipse/plugins/com.st.stm32cube.ide.mcu.externaltools.gnu-tools-for-stm32.12.3.rel1.macos64_1.0.200.202406191456/tools/bin/../lib/gcc/arm-none-eabi/12.3.1/../../../../arm-none-eabi/lib/thumb/v7e-m+fp/hard/libc_nano.a(libc_a-writer.o)
                0x08005700                _write_r
 .text._free_r  0x08005724       0x94 /Applications/STM32CubeIDE.app/Contents/Eclipse/plugins/com.st.stm32cube.ide.mcu.externaltools.gnu-tools-for-stm32.12.3.rel1.macos64_1.0.200.202406191456/tools/bin/../lib/gcc/arm-none-eabi/12.3.1/../../../../arm-none-eabi/lib/thumb/v7e-m+fp/hard/libc_nano.a(libc_a-freer.o)
                0x08005724                _free_r
 *(.glue_7)
 .glue_7        0x080057b8        0x0 linker stubs
 *(.glue_7t)
 .glue_7t       0x080057b8        0x0 linker stubs
 *(.eh_frame)
 .eh_frame      0x080057b8        0x0 /Applications/STM32CubeIDE.app/Contents/Eclipse/plugins/com.st.stm32cube.ide.mcu.externaltools.gnu-tools-for-stm32.12.3.rel1.macos64_1.0.200.202406191456/tools/bin/../lib/gcc/arm-none-eabi/12.3.1/thumb/v7e-m+fp/hard/crtbegin.o
 *(.init)
 .init          0x080057b8        0x4 /Applications/STM32CubeIDE.app/Contents/Eclipse/plugins/com.st.stm32cube.ide.mcu.externaltools.gnu-tools-for-stm32.12.3.rel1.macos64_1.0.200.202406191456/tools/bin/../lib/gcc/arm-none-eabi/12.3.1/thumb/v7e-m+fp/hard/crti.o
                0x080057b8                _init
 .init          0x080057bc        0x8 /Applications/STM32CubeIDE.app/Contents/Eclipse/plugins/com.st.stm32cube.ide.mcu.externaltools.gnu-tools-for-stm32.12.3.rel1.macos64_1.0.200.202406191456/tools/bin/../lib/gcc/arm-none-eabi/12.3.1/thumb/v7e-m+fp/hard/crtn.o
 *(.fini)
 .fini          0x080057c4        0x4 /Applications/STM32CubeIDE.app/Contents/Eclipse/plugins/com.st.stm32cube.ide.mcu.externaltools.gnu-tools-for-stm32.12.3.rel1.macos64_1.0.200.202406191456/tools/bin/../lib/gcc/arm-none-eabi/12.3.1/thumb/v7e-m+fp/hard/crti.o
                0x080057c4                _fini
 .fini          0x080057c8        0x8 /Applications/STM32CubeIDE.app/Contents/Eclipse/plugins/com.st.stm32cube.ide.mcu.externaltools.gnu-tools-for-stm32.12.3.rel1.macos64_1.0.200.202406191456/tools/bin/../lib/gcc/arm-none-eabi/12.3.1/thumb/v7e-m+fp/hard/crtn.o
                0x080057d0                        . = ALIGN (0x4)
                0x080057d0                        _etext = .

.vfp11_veneer   0x080057d0        0x0
 .vfp11_veneer  0x080057d0        0x0 linker stubs

.v4_bx          0x080057d0        0x0
 .v4_bx         0x080057d0        0x0 linker stubs

.iplt           0x080057d0        0x0
 .iplt          0x080057d0        0x0 /Applications/STM32CubeIDE.app/Contents/Eclipse/plugins/com.st.stm32cube.ide.mcu.externaltools.gnu-tools-for-stm32.12.3.rel1.macos64_1.0.200.202406191456/tools/bin/../lib/gcc/arm-none-eabi/12.3.1/thumb/v7e-m+fp/hard/crtbegin.o

.rodata         0x080057d0      0x1ac
                0x080057d0                        . = ALIGN (0x4)
 *(.rodata)
 .rodata        0x080057d0       0x19 ./Core/Src/main.o
 *fill*         0x080057e9        0x3 
 .rodata        0x080057ec      0x13b ./Receiver_Setup/Src/nrf2401.o
 *fill*         0x08005927        0x1 
 .rodata        0x08005928        0x7 ./Receiver_Setup/Src/rtc.o
 *(.rodata*)
 *fill*         0x0800592f        0x1 
 .rodata.AHBPrescTable
                0x08005930       0x10 ./Core/Src/system_stm32f4xx.o
                0x08005930                AHBPrescTable
 .rodata.APBPrescTable
                0x08005940        0x8 ./Core/Src/system_stm32f4xx.o
                0x08005940                APBPrescTable
 .rodata._ZL12read_rx_fifo
                0x08005948        0x1 ./Receiver_Setup/Src/nrf2401.o
 .rodata._vfprintf_r.str1.1
                0x08005949       0x11 /Applications/STM32CubeIDE.app/Contents/Eclipse/plugins/com.st.stm32cube.ide.mcu.externaltools.gnu-tools-for-stm32.12.3.rel1.macos64_1.0.200.202406191456/tools/bin/../lib/gcc/arm-none-eabi/12.3.1/../../../../arm-none-eabi/lib/thumb/v7e-m+fp/hard/libc_nano.a(libc_a-nano-vfprintf.o)
 .rodata._printf_i.str1.1
                0x0800595a       0x22 /Applications/STM32CubeIDE.app/Contents/Eclipse/plugins/com.st.stm32cube.ide.mcu.externaltools.gnu-tools-for-stm32.12.3.rel1.macos64_1.0.200.202406191456/tools/bin/../lib/gcc/arm-none-eabi/12.3.1/../../../../arm-none-eabi/lib/thumb/v7e-m+fp/hard/libc_nano.a(libc_a-nano-vfprintf_i.o)
                0x0800597c                        . = ALIGN (0x4)

.ARM.extab      0x0800597c        0x0
                0x0800597c                        . = ALIGN (0x4)
 *(.ARM.extab* .gnu.linkonce.armextab.*)
                0x0800597c                        . = ALIGN (0x4)

.ARM            0x0800597c        0x8
                0x0800597c                        . = ALIGN (0x4)
                0x0800597c                        __exidx_start = .
 *(.ARM.exidx*)
 .ARM.exidx     0x0800597c        0x8 /Applications/STM32CubeIDE.app/Contents/Eclipse/plugins/com.st.stm32cube.ide.mcu.externaltools.gnu-tools-for-stm32.12.3.rel1.macos64_1.0.200.202406191456/tools/bin/../lib/gcc/arm-none-eabi/12.3.1/../../../../arm-none-eabi/lib/thumb/v7e-m+fp/hard/libc_nano.a(libc_a-memchr.o)
 .ARM.exidx     0x08005984        0x0 /Applications/STM32CubeIDE.app/Contents/Eclipse/plugins/com.st.stm32cube.ide.mcu.externaltools.gnu-tools-for-stm32.12.3.rel1.macos64_1.0.200.202406191456/tools/bin/../lib/gcc/arm-none-eabi/12.3.1/thumb/v7e-m+fp/hard/libgcc.a(_udivmoddi4.o)
                                  0x8 (size before relaxing)
                0x08005984                        __exidx_end = .
                0x08005984                        . = ALIGN (0x4)

.preinit_array  0x08005984        0x0
                0x08005984                        . = ALIGN (0x4)
                0x08005984                        PROVIDE (__preinit_array_start = .)
 *(.preinit_array*)
                0x08005984                        PROVIDE (__preinit_array_end = .)
                0x08005984                        . = ALIGN (0x4)

.init_array     0x08005984        0x8
                0x08005984                        . = ALIGN (0x4)
                0x08005984                        PROVIDE (__init_array_start = .)
 *(SORT_BY_NAME(.init_array.*))
 *(.init_array*)
 .init_array    0x08005984        0x4 /Applications/STM32CubeIDE.app/Contents/Eclipse/plugins/com.st.stm32cube.ide.mcu.externaltools.gnu-tools-for-stm32.12.3.rel1.macos64_1.0.200.202406191456/tools/bin/../lib/gcc/arm-none-eabi/12.3.1/thumb/v7e-m+fp/hard/crtbegin.o
 .init_array    0x08005988        0x4 ./Receiver_Setup/Src/nrf2401.o
                0x0800598c                        PROVIDE (__init_array_end = .)
                0x0800598c                        . = ALIGN (0x4)

.fini_array     0x0800598c        0x4
                0x0800598c                        . = ALIGN (0x4)
                [!provide]                        PROVIDE (__fini_array_start = .)
 *(SORT_BY_NAME(.fini_array.*))
 *(.fini_array*)
 .fini_array    0x0800598c        0x4 /Applications/STM32CubeIDE.app/Contents/Eclipse/plugins/com.st.stm32cube.ide.mcu.externaltools.gnu-tools-for-stm32.12.3.rel1.macos64_1.0.200.202406191456/tools/bin/../lib/gcc/arm-none-eabi/12.3.1/thumb/v7e-m+fp/hard/crtbegin.o
                [!provide]                        PROVIDE (__fini_array_end = .)
                0x08005990                        . = ALIGN (0x4)
                0x08005990                        _sidata = LOADADDR (.data)

.rel.dyn        0x08005990        0x0
 .rel.iplt      0x08005990        0x0 /Applications/STM32CubeIDE.app/Contents/Eclipse/plugins/com.st.stm32cube.ide.mcu.externaltools.gnu-tools-for-stm32.12.3.rel1.macos64_1.0.200.202406191456/tools/bin/../lib/gcc/arm-none-eabi/12.3.1/thumb/v7e-m+fp/hard/crtbegin.o

.data           0x20000000       0x68 load address 0x08005990
                0x20000000                        . = ALIGN (0x4)
                0x20000000                        _sdata = .
 *(.data)
 *(.data*)
 .data.SystemCoreClock
                0x20000000        0x4 ./Core/Src/system_stm32f4xx.o
                0x20000000                SystemCoreClock
 .data.uwTickPrio
                0x20000004        0x4 ./Drivers/STM32F4xx_HAL_Driver/Src/stm32f4xx_hal.o
                0x20000004                uwTickPrio
 .data.uwTickFreq
                0x20000008        0x1 ./Drivers/STM32F4xx_HAL_Driver/Src/stm32f4xx_hal.o
                0x20000008                uwTickFreq
 *fill*         0x20000009        0x3 
 .data.__sglue  0x2000000c        0xc /Applications/STM32CubeIDE.app/Contents/Eclipse/plugins/com.st.stm32cube.ide.mcu.externaltools.gnu-tools-for-stm32.12.3.rel1.macos64_1.0.200.202406191456/tools/bin/../lib/gcc/arm-none-eabi/12.3.1/../../../../arm-none-eabi/lib/thumb/v7e-m+fp/hard/libc_nano.a(libc_a-findfp.o)
                0x2000000c                __sglue
 .data._impure_ptr
                0x20000018        0x4 /Applications/STM32CubeIDE.app/Contents/Eclipse/plugins/com.st.stm32cube.ide.mcu.externaltools.gnu-tools-for-stm32.12.3.rel1.macos64_1.0.200.202406191456/tools/bin/../lib/gcc/arm-none-eabi/12.3.1/../../../../arm-none-eabi/lib/thumb/v7e-m+fp/hard/libc_nano.a(libc_a-impure.o)
                0x20000018                _impure_ptr
 .data._impure_data
                0x2000001c       0x4c /Applications/STM32CubeIDE.app/Contents/Eclipse/plugins/com.st.stm32cube.ide.mcu.externaltools.gnu-tools-for-stm32.12.3.rel1.macos64_1.0.200.202406191456/tools/bin/../lib/gcc/arm-none-eabi/12.3.1/../../../../arm-none-eabi/lib/thumb/v7e-m+fp/hard/libc_nano.a(libc_a-impure.o)
                0x2000001c                _impure_data
 *(.RamFunc)
 *(.RamFunc*)
                0x20000068                        . = ALIGN (0x4)
                0x20000068                        _edata = .

.igot.plt       0x20000068        0x0 load address 0x080059f8
 .igot.plt      0x20000068        0x0 /Applications/STM32CubeIDE.app/Contents/Eclipse/plugins/com.st.stm32cube.ide.mcu.externaltools.gnu-tools-for-stm32.12.3.rel1.macos64_1.0.200.202406191456/tools/bin/../lib/gcc/arm-none-eabi/12.3.1/thumb/v7e-m+fp/hard/crtbegin.o
                0x20000068                        . = ALIGN (0x4)

.bss            0x20000068      0x27c load address 0x080059f8
                0x20000068                        _sbss = .
                0x20000068                        __bss_start__ = _sbss
 *(.bss)
 .bss           0x20000068       0x1c /Applications/STM32CubeIDE.app/Contents/Eclipse/plugins/com.st.stm32cube.ide.mcu.externaltools.gnu-tools-for-stm32.12.3.rel1.macos64_1.0.200.202406191456/tools/bin/../lib/gcc/arm-none-eabi/12.3.1/thumb/v7e-m+fp/hard/crtbegin.o
 *(.bss*)
 .bss.hi2c2     0x20000084       0x54 ./Core/Src/i2c.o
                0x20000084                hi2c2
 .bss.hspi1     0x200000d8       0x58 ./Core/Src/spi.o
                0x200000d8                hspi1
 .bss.__sbrk_heap_end
                0x20000130        0x4 ./Core/Src/sysmem.o
 .bss.huart2    0x20000134       0x48 ./Core/Src/usart.o
                0x20000134                huart2
 .bss.uwTick    0x2000017c        0x4 ./Drivers/STM32F4xx_HAL_Driver/Src/stm32f4xx_hal.o
                0x2000017c                uwTick
 .bss.rf_module
                0x20000180       0x18 ./Receiver_Setup/Src/nrf2401.o
                0x20000180                rf_module
 .bss.__sf      0x20000198      0x138 /Applications/STM32CubeIDE.app/Contents/Eclipse/plugins/com.st.stm32cube.ide.mcu.externaltools.gnu-tools-for-stm32.12.3.rel1.macos64_1.0.200.202406191456/tools/bin/../lib/gcc/arm-none-eabi/12.3.1/../../../../arm-none-eabi/lib/thumb/v7e-m+fp/hard/libc_nano.a(libc_a-findfp.o)
                0x20000198                __sf
 .bss.__stdio_exit_handler
                0x200002d0        0x4 /Applications/STM32CubeIDE.app/Contents/Eclipse/plugins/com.st.stm32cube.ide.mcu.externaltools.gnu-tools-for-stm32.12.3.rel1.macos64_1.0.200.202406191456/tools/bin/../lib/gcc/arm-none-eabi/12.3.1/../../../../arm-none-eabi/lib/thumb/v7e-m+fp/hard/libc_nano.a(libc_a-findfp.o)
                0x200002d0                __stdio_exit_handler
 .bss.__lock___malloc_recursive_mutex
                0x200002d4        0x1 /Applications/STM32CubeIDE.app/Contents/Eclipse/plugins/com.st.stm32cube.ide.mcu.externaltools.gnu-tools-for-stm32.12.3.rel1.macos64_1.0.200.202406191456/tools/bin/../lib/gcc/arm-none-eabi/12.3.1/../../../../arm-none-eabi/lib/thumb/v7e-m+fp/hard/libc_nano.a(libc_a-lock.o)
                0x200002d4                __lock___malloc_recursive_mutex
 .bss.__lock___sfp_recursive_mutex
                0x200002d5        0x1 /Applications/STM32CubeIDE.app/Contents/Eclipse/plugins/com.st.stm32cube.ide.mcu.externaltools.gnu-tools-for-stm32.12.3.rel1.macos64_1.0.200.202406191456/tools/bin/../lib/gcc/arm-none-eabi/12.3.1/../../../../arm-none-eabi/lib/thumb/v7e-m+fp/hard/libc_nano.a(libc_a-lock.o)
                0x200002d5                __lock___sfp_recursive_mutex
 *fill*         0x200002d6        0x2 
 .bss.__malloc_sbrk_start
                0x200002d8        0x4 /Applications/STM32CubeIDE.app/Contents/Eclipse/plugins/com.st.stm32cube.ide.mcu.externaltools.gnu-tools-for-stm32.12.3.rel1.macos64_1.0.200.202406191456/tools/bin/../lib/gcc/arm-none-eabi/12.3.1/../../../../arm-none-eabi/lib/thumb/v7e-m+fp/hard/libc_nano.a(libc_a-mallocr.o)
                0x200002d8                __malloc_sbrk_start
 .bss.__malloc_free_list
                0x200002dc        0x4 /Applications/STM32CubeIDE.app/Contents/Eclipse/plugins/com.st.stm32cube.ide.mcu.externaltools.gnu-tools-for-stm32.12.3.rel1.macos64_1.0.200.202406191456/tools/bin/../lib/gcc/arm-none-eabi/12.3.1/../../../../arm-none-eabi/lib/thumb/v7e-m+fp/hard/libc_nano.a(libc_a-mallocr.o)
                0x200002dc                __malloc_free_list
 .bss.errno     0x200002e0        0x4 /Applications/STM32CubeIDE.app/Contents/Eclipse/plugins/com.st.stm32cube.ide.mcu.externaltools.gnu-tools-for-stm32.12.3.rel1.macos64_1.0.200.202406191456/tools/bin/../lib/gcc/arm-none-eabi/12.3.1/../../../../arm-none-eabi/lib/thumb/v7e-m+fp/hard/libc_nano.a(libc_a-reent.o)
                0x200002e0                errno
 *(COMMON)
                0x200002e4                        . = ALIGN (0x4)
                0x200002e4                        _ebss = .
                0x200002e4                        __bss_end__ = _ebss

._user_heap_stack
                0x200002e4      0x604 load address 0x080059f8
                0x200002e8                        . = ALIGN (0x8)
 *fill*         0x200002e4        0x4 
                [!provide]                        PROVIDE (end = .)
                0x200002e8                        PROVIDE (_end = .)
                0x200004e8                        . = (. + _Min_Heap_Size)
 *fill*         0x200002e8      0x200 
                0x200008e8                        . = (. + _Min_Stack_Size)
 *fill*         0x200004e8      0x400 
                0x200008e8                        . = ALIGN (0x8)

/DISCARD/
 libc.a(*)
 libm.a(*)
 libgcc.a(*)

.ARM.attributes
                0x00000000       0x30
 *(.ARM.attributes)
 .ARM.attributes
                0x00000000       0x22 /Applications/STM32CubeIDE.app/Contents/Eclipse/plugins/com.st.stm32cube.ide.mcu.externaltools.gnu-tools-for-stm32.12.3.rel1.macos64_1.0.200.202406191456/tools/bin/../lib/gcc/arm-none-eabi/12.3.1/thumb/v7e-m+fp/hard/crti.o
 .ARM.attributes
                0x00000022       0x34 /Applications/STM32CubeIDE.app/Contents/Eclipse/plugins/com.st.stm32cube.ide.mcu.externaltools.gnu-tools-for-stm32.12.3.rel1.macos64_1.0.200.202406191456/tools/bin/../lib/gcc/arm-none-eabi/12.3.1/thumb/v7e-m+fp/hard/crtbegin.o
 .ARM.attributes
                0x00000056       0x34 ./Core/Src/gpio.o
 .ARM.attributes
                0x0000008a       0x34 ./Core/Src/i2c.o
 .ARM.attributes
                0x000000be       0x34 ./Core/Src/main.o
 .ARM.attributes
                0x000000f2       0x34 ./Core/Src/spi.o
 .ARM.attributes
                0x00000126       0x34 ./Core/Src/stm32f4xx_hal_msp.o
 .ARM.attributes
                0x0000015a       0x34 ./Core/Src/stm32f4xx_it.o
 .ARM.attributes
                0x0000018e       0x34 ./Core/Src/syscalls.o
 .ARM.attributes
                0x000001c2       0x34 ./Core/Src/sysmem.o
 .ARM.attributes
                0x000001f6       0x34 ./Core/Src/system_stm32f4xx.o
 .ARM.attributes
                0x0000022a       0x34 ./Core/Src/usart.o
 .ARM.attributes
                0x0000025e       0x21 ./Core/Startup/startup_stm32f401retx.o
 .ARM.attributes
                0x0000027f       0x34 ./Drivers/STM32F4xx_HAL_Driver/Src/stm32f4xx_hal.o
 .ARM.attributes
                0x000002b3       0x34 ./Drivers/STM32F4xx_HAL_Driver/Src/stm32f4xx_hal_cortex.o
 .ARM.attributes
                0x000002e7       0x34 ./Drivers/STM32F4xx_HAL_Driver/Src/stm32f4xx_hal_gpio.o
 .ARM.attributes
                0x0000031b       0x34 ./Drivers/STM32F4xx_HAL_Driver/Src/stm32f4xx_hal_i2c.o
 .ARM.attributes
                0x0000034f       0x34 ./Drivers/STM32F4xx_HAL_Driver/Src/stm32f4xx_hal_rcc.o
 .ARM.attributes
                0x00000383       0x34 ./Drivers/STM32F4xx_HAL_Driver/Src/stm32f4xx_hal_spi.o
 .ARM.attributes
                0x000003b7       0x34 ./Drivers/STM32F4xx_HAL_Driver/Src/stm32f4xx_hal_uart.o
 .ARM.attributes
                0x000003eb       0x34 ./Receiver_Setup/Src/nrf2401.o
 .ARM.attributes
                0x0000041f       0x34 ./Receiver_Setup/Src/rtc.o
 .ARM.attributes
                0x00000453       0x34 ./Receiver_Setup/Src/timeunit.o
 .ARM.attributes
                0x00000487       0x34 /Applications/STM32CubeIDE.app/Contents/Eclipse/plugins/com.st.stm32cube.ide.mcu.externaltools.gnu-tools-for-stm32.12.3.rel1.macos64_1.0.200.202406191456/tools/bin/../lib/gcc/arm-none-eabi/12.3.1/../../../../arm-none-eabi/lib/thumb/v7e-m+fp/hard/libc_nano.a(libc_a-findfp.o)
 .ARM.attributes
                0x000004bb       0x34 /Applications/STM32CubeIDE.app/Contents/Eclipse/plugins/com.st.stm32cube.ide.mcu.externaltools.gnu-tools-for-stm32.12.3.rel1.macos64_1.0.200.202406191456/tools/bin/../lib/gcc/arm-none-eabi/12.3.1/../../../../arm-none-eabi/lib/thumb/v7e-m+fp/hard/libc_nano.a(libc_a-fwalk.o)
 .ARM.attributes
                0x000004ef       0x34 /Applications/STM32CubeIDE.app/Contents/Eclipse/plugins/com.st.stm32cube.ide.mcu.externaltools.gnu-tools-for-stm32.12.3.rel1.macos64_1.0.200.202406191456/tools/bin/../lib/gcc/arm-none-eabi/12.3.1/../../../../arm-none-eabi/lib/thumb/v7e-m+fp/hard/libc_nano.a(libc_a-printf.o)
 .ARM.attributes
                0x00000523       0x34 /Applications/STM32CubeIDE.app/Contents/Eclipse/plugins/com.st.stm32cube.ide.mcu.externaltools.gnu-tools-for-stm32.12.3.rel1.macos64_1.0.200.202406191456/tools/bin/../lib/gcc/arm-none-eabi/12.3.1/../../../../arm-none-eabi/lib/thumb/v7e-m+fp/hard/libc_nano.a(libc_a-puts.o)
 .ARM.attributes
                0x00000557       0x34 /Applications/STM32CubeIDE.app/Contents/Eclipse/plugins/com.st.stm32cube.ide.mcu.externaltools.gnu-tools-for-stm32.12.3.rel1.macos64_1.0.200.202406191456/tools/bin/../lib/gcc/arm-none-eabi/12.3.1/../../../../arm-none-eabi/lib/thumb/v7e-m+fp/hard/libc_nano.a(libc_a-memset.o)
 .ARM.attributes
                0x0000058b       0x34 /Applications/STM32CubeIDE.app/Contents/Eclipse/plugins/com.st.stm32cube.ide.mcu.externaltools.gnu-tools-for-stm32.12.3.rel1.macos64_1.0.200.202406191456/tools/bin/../lib/gcc/arm-none-eabi/12.3.1/../../../../arm-none-eabi/lib/thumb/v7e-m+fp/hard/libc_nano.a(libc_a-impure.o)
 .ARM.attributes
                0x000005bf       0x34 /Applications/STM32CubeIDE.app/Contents/Eclipse/plugins/com.st.stm32cube.ide.mcu.externaltools.gnu-tools-for-stm32.12.3.rel1.macos64_1.0.200.202406191456/tools/bin/../lib/gcc/arm-none-eabi/12.3.1/../../../../arm-none-eabi/lib/thumb/v7e-m+fp/hard/libc_nano.a(libc_a-errno.o)
 .ARM.attributes
                0x000005f3       0x34 /Applications/STM32CubeIDE.app/Contents/Eclipse/plugins/com.st.stm32cube.ide.mcu.externaltools.gnu-tools-for-stm32.12.3.rel1.macos64_1.0.200.202406191456/tools/bin/../lib/gcc/arm-none-eabi/12.3.1/../../../../arm-none-eabi/lib/thumb/v7e-m+fp/hard/libc_nano.a(libc_a-init.o)
 .ARM.attributes
                0x00000627       0x34 /Applications/STM32CubeIDE.app/Contents/Eclipse/plugins/com.st.stm32cube.ide.mcu.externaltools.gnu-tools-for-stm32.12.3.rel1.macos64_1.0.200.202406191456/tools/bin/../lib/gcc/arm-none-eabi/12.3.1/../../../../arm-none-eabi/lib/thumb/v7e-m+fp/hard/libc_nano.a(libc_a-lock.o)
 .ARM.attributes
                0x0000065b       0x34 /Applications/STM32CubeIDE.app/Contents/Eclipse/plugins/com.st.stm32cube.ide.mcu.externaltools.gnu-tools-for-stm32.12.3.rel1.macos64_1.0.200.202406191456/tools/bin/../lib/gcc/arm-none-eabi/12.3.1/../../../../arm-none-eabi/lib/thumb/v7e-m+fp/hard/libc_nano.a(libc_a-nano-vfprintf.o)
 .ARM.attributes
                0x0000068f       0x34 /Applications/STM32CubeIDE.app/Contents/Eclipse/plugins/com.st.stm32cube.ide.mcu.externaltools.gnu-tools-for-stm32.12.3.rel1.macos64_1.0.200.202406191456/tools/bin/../lib/gcc/arm-none-eabi/12.3.1/../../../../arm-none-eabi/lib/thumb/v7e-m+fp/hard/libc_nano.a(libc_a-mallocr.o)
 .ARM.attributes
                0x000006c3       0x34 /Applications/STM32CubeIDE.app/Contents/Eclipse/plugins/com.st.stm32cube.ide.mcu.externaltools.gnu-tools-for-stm32.12.3.rel1.macos64_1.0.200.202406191456/tools/bin/../lib/gcc/arm-none-eabi/12.3.1/../../../../arm-none-eabi/lib/thumb/v7e-m+fp/hard/libc_nano.a(libc_a-nano-vfprintf_i.o)
 .ARM.attributes
                0x000006f7       0x34 /Applications/STM32CubeIDE.app/Contents/Eclipse/plugins/com.st.stm32cube.ide.mcu.externaltools.gnu-tools-for-stm32.12.3.rel1.macos64_1.0.200.202406191456/tools/bin/../lib/gcc/arm-none-eabi/12.3.1/../../../../arm-none-eabi/lib/thumb/v7e-m+fp/hard/libc_nano.a(libc_a-fflush.o)
 .ARM.attributes
                0x0000072b       0x34 /Applications/STM32CubeIDE.app/Contents/Eclipse/plugins/com.st.stm32cube.ide.mcu.externaltools.gnu-tools-for-stm32.12.3.rel1.macos64_1.0.200.202406191456/tools/bin/../lib/gcc/arm-none-eabi/12.3.1/../../../../arm-none-eabi/lib/thumb/v7e-m+fp/hard/libc_nano.a(libc_a-mlock.o)
 .ARM.attributes
                0x0000075f       0x34 /Applications/STM32CubeIDE.app/Contents/Eclipse/plugins/com.st.stm32cube.ide.mcu.externaltools.gnu-tools-for-stm32.12.3.rel1.macos64_1.0.200.202406191456/tools/bin/../lib/gcc/arm-none-eabi/12.3.1/../../../../arm-none-eabi/lib/thumb/v7e-m+fp/hard/libc_nano.a(libc_a-stdio.o)
 .ARM.attributes
                0x00000793       0x34 /Applications/STM32CubeIDE.app/Contents/Eclipse/plugins/com.st.stm32cube.ide.mcu.externaltools.gnu-tools-for-stm32.12.3.rel1.macos64_1.0.200.202406191456/tools/bin/../lib/gcc/arm-none-eabi/12.3.1/../../../../arm-none-eabi/lib/thumb/v7e-m+fp/hard/libc_nano.a(libc_a-wbuf.o)
 .ARM.attributes
                0x000007c7       0x34 /Applications/STM32CubeIDE.app/Contents/Eclipse/plugins/com.st.stm32cube.ide.mcu.externaltools.gnu-tools-for-stm32.12.3.rel1.macos64_1.0.200.202406191456/tools/bin/../lib/gcc/arm-none-eabi/12.3.1/../../../../arm-none-eabi/lib/thumb/v7e-m+fp/hard/libc_nano.a(libc_a-wsetup.o)
 .ARM.attributes
                0x000007fb       0x34 /Applications/STM32CubeIDE.app/Contents/Eclipse/plugins/com.st.stm32cube.ide.mcu.externaltools.gnu-tools-for-stm32.12.3.rel1.macos64_1.0.200.202406191456/tools/bin/../lib/gcc/arm-none-eabi/12.3.1/../../../../arm-none-eabi/lib/thumb/v7e-m+fp/hard/libc_nano.a(libc_a-makebuf.o)
 .ARM.attributes
                0x0000082f       0x34 /Applications/STM32CubeIDE.app/Contents/Eclipse/plugins/com.st.stm32cube.ide.mcu.externaltools.gnu-tools-for-stm32.12.3.rel1.macos64_1.0.200.202406191456/tools/bin/../lib/gcc/arm-none-eabi/12.3.1/../../../../arm-none-eabi/lib/thumb/v7e-m+fp/hard/libc_nano.a(libc_a-closer.o)
 .ARM.attributes
                0x00000863       0x34 /Applications/STM32CubeIDE.app/Contents/Eclipse/plugins/com.st.stm32cube.ide.mcu.externaltools.gnu-tools-for-stm32.12.3.rel1.macos64_1.0.200.202406191456/tools/bin/../lib/gcc/arm-none-eabi/12.3.1/../../../../arm-none-eabi/lib/thumb/v7e-m+fp/hard/libc_nano.a(libc_a-reent.o)
 .ARM.attributes
                0x00000897       0x34 /Applications/STM32CubeIDE.app/Contents/Eclipse/plugins/com.st.stm32cube.ide.mcu.externaltools.gnu-tools-for-stm32.12.3.rel1.macos64_1.0.200.202406191456/tools/bin/../lib/gcc/arm-none-eabi/12.3.1/../../../../arm-none-eabi/lib/thumb/v7e-m+fp/hard/libc_nano.a(libc_a-fstatr.o)
 .ARM.attributes
                0x000008cb       0x34 /Applications/STM32CubeIDE.app/Contents/Eclipse/plugins/com.st.stm32cube.ide.mcu.externaltools.gnu-tools-for-stm32.12.3.rel1.macos64_1.0.200.202406191456/tools/bin/../lib/gcc/arm-none-eabi/12.3.1/../../../../arm-none-eabi/lib/thumb/v7e-m+fp/hard/libc_nano.a(libc_a-isattyr.o)
 .ARM.attributes
                0x000008ff       0x34 /Applications/STM32CubeIDE.app/Contents/Eclipse/plugins/com.st.stm32cube.ide.mcu.externaltools.gnu-tools-for-stm32.12.3.rel1.macos64_1.0.200.202406191456/tools/bin/../lib/gcc/arm-none-eabi/12.3.1/../../../../arm-none-eabi/lib/thumb/v7e-m+fp/hard/libc_nano.a(libc_a-lseekr.o)
 .ARM.attributes
                0x00000933       0x34 /Applications/STM32CubeIDE.app/Contents/Eclipse/plugins/com.st.stm32cube.ide.mcu.externaltools.gnu-tools-for-stm32.12.3.rel1.macos64_1.0.200.202406191456/tools/bin/../lib/gcc/arm-none-eabi/12.3.1/../../../../arm-none-eabi/lib/thumb/v7e-m+fp/hard/libc_nano.a(libc_a-readr.o)
 .ARM.attributes
                0x00000967       0x34 /Applications/STM32CubeIDE.app/Contents/Eclipse/plugins/com.st.stm32cube.ide.mcu.externaltools.gnu-tools-for-stm32.12.3.rel1.macos64_1.0.200.202406191456/tools/bin/../lib/gcc/arm-none-eabi/12.3.1/../../../../arm-none-eabi/lib/thumb/v7e-m+fp/hard/libc_nano.a(libc_a-sbrkr.o)
 .ARM.attributes
                0x0000099b       0x34 /Applications/STM32CubeIDE.app/Contents/Eclipse/plugins/com.st.stm32cube.ide.mcu.externaltools.gnu-tools-for-stm32.12.3.rel1.macos64_1.0.200.202406191456/tools/bin/../lib/gcc/arm-none-eabi/12.3.1/../../../../arm-none-eabi/lib/thumb/v7e-m+fp/hard/libc_nano.a(libc_a-writer.o)
 .ARM.attributes
                0x000009cf       0x1c /Applications/STM32CubeIDE.app/Contents/Eclipse/plugins/com.st.stm32cube.ide.mcu.externaltools.gnu-tools-for-stm32.12.3.rel1.macos64_1.0.200.202406191456/tools/bin/../lib/gcc/arm-none-eabi/12.3.1/../../../../arm-none-eabi/lib/thumb/v7e-m+fp/hard/libc_nano.a(libc_a-memchr.o)
 .ARM.attributes
                0x000009eb       0x34 /Applications/STM32CubeIDE.app/Contents/Eclipse/plugins/com.st.stm32cube.ide.mcu.externaltools.gnu-tools-for-stm32.12.3.rel1.macos64_1.0.200.202406191456/tools/bin/../lib/gcc/arm-none-eabi/12.3.1/../../../../arm-none-eabi/lib/thumb/v7e-m+fp/hard/libc_nano.a(libc_a-freer.o)
 .ARM.attributes
                0x00000a1f       0x22 /Applications/STM32CubeIDE.app/Contents/Eclipse/plugins/com.st.stm32cube.ide.mcu.externaltools.gnu-tools-for-stm32.12.3.rel1.macos64_1.0.200.202406191456/tools/bin/../lib/gcc/arm-none-eabi/12.3.1/thumb/v7e-m+fp/hard/libgcc.a(_aeabi_uldivmod.o)
 .ARM.attributes
                0x00000a41       0x34 /Applications/STM32CubeIDE.app/Contents/Eclipse/plugins/com.st.stm32cube.ide.mcu.externaltools.gnu-tools-for-stm32.12.3.rel1.macos64_1.0.200.202406191456/tools/bin/../lib/gcc/arm-none-eabi/12.3.1/thumb/v7e-m+fp/hard/libgcc.a(_udivmoddi4.o)
 .ARM.attributes
                0x00000a75       0x22 /Applications/STM32CubeIDE.app/Contents/Eclipse/plugins/com.st.stm32cube.ide.mcu.externaltools.gnu-tools-for-stm32.12.3.rel1.macos64_1.0.200.202406191456/tools/bin/../lib/gcc/arm-none-eabi/12.3.1/thumb/v7e-m+fp/hard/libgcc.a(_dvmd_tls.o)
 .ARM.attributes
                0x00000a97       0x22 /Applications/STM32CubeIDE.app/Contents/Eclipse/plugins/com.st.stm32cube.ide.mcu.externaltools.gnu-tools-for-stm32.12.3.rel1.macos64_1.0.200.202406191456/tools/bin/../lib/gcc/arm-none-eabi/12.3.1/thumb/v7e-m+fp/hard/crtn.o
OUTPUT(F401RE_RX.elf elf32-littlearm)
LOAD linker stubs
LOAD /Applications/STM32CubeIDE.app/Contents/Eclipse/plugins/com.st.stm32cube.ide.mcu.externaltools.gnu-tools-for-stm32.12.3.rel1.macos64_1.0.200.202406191456/tools/bin/../lib/gcc/arm-none-eabi/12.3.1/../../../../arm-none-eabi/lib/thumb/v7e-m+fp/hard/libc.a
LOAD /Applications/STM32CubeIDE.app/Contents/Eclipse/plugins/com.st.stm32cube.ide.mcu.externaltools.gnu-tools-for-stm32.12.3.rel1.macos64_1.0.200.202406191456/tools/bin/../lib/gcc/arm-none-eabi/12.3.1/../../../../arm-none-eabi/lib/thumb/v7e-m+fp/hard/libm.a
LOAD /Applications/STM32CubeIDE.app/Contents/Eclipse/plugins/com.st.stm32cube.ide.mcu.externaltools.gnu-tools-for-stm32.12.3.rel1.macos64_1.0.200.202406191456/tools/bin/../lib/gcc/arm-none-eabi/12.3.1/thumb/v7e-m+fp/hard/libgcc.a

.debug_info     0x00000000    0x116d6
 .debug_info    0x00000000      0x5da ./Core/Src/gpio.o
 .debug_info    0x000005da      0x9a5 ./Core/Src/i2c.o
 .debug_info    0x00000f7f     0x259a ./Core/Src/main.o
 .debug_info    0x00003519      0x980 ./Core/Src/spi.o
 .debug_info    0x00003e99      0x291 ./Core/Src/stm32f4xx_hal_msp.o
 .debug_info    0x0000412a      0x14a ./Core/Src/stm32f4xx_it.o
 .debug_info    0x00004274      0xc0c ./Core/Src/syscalls.o
 .debug_info    0x00004e80      0x168 ./Core/Src/sysmem.o
 .debug_info    0x00004fe8      0x53e ./Core/Src/system_stm32f4xx.o
 .debug_info    0x00005526      0x94e ./Core/Src/usart.o
 .debug_info    0x00005e74       0x30 ./Core/Startup/startup_stm32f401retx.o
 .debug_info    0x00005ea4      0x8bb ./Drivers/STM32F4xx_HAL_Driver/Src/stm32f4xx_hal.o
 .debug_info    0x0000675f      0xcf6 ./Drivers/STM32F4xx_HAL_Driver/Src/stm32f4xx_hal_cortex.o
 .debug_info    0x00007455      0x6f9 ./Drivers/STM32F4xx_HAL_Driver/Src/stm32f4xx_hal_gpio.o
 .debug_info    0x00007b4e     0x2426 ./Drivers/STM32F4xx_HAL_Driver/Src/stm32f4xx_hal_i2c.o
 .debug_info    0x00009f74      0x8f1 ./Drivers/STM32F4xx_HAL_Driver/Src/stm32f4xx_hal_rcc.o
 .debug_info    0x0000a865     0x1530 ./Drivers/STM32F4xx_HAL_Driver/Src/stm32f4xx_hal_spi.o
 .debug_info    0x0000bd95     0x2f56 ./Drivers/STM32F4xx_HAL_Driver/Src/stm32f4xx_hal_uart.o
 .debug_info    0x0000eceb     0x16f0 ./Receiver_Setup/Src/nrf2401.o
 .debug_info    0x000103db      0xddd ./Receiver_Setup/Src/rtc.o
 .debug_info    0x000111b8      0x51e ./Receiver_Setup/Src/timeunit.o

.debug_abbrev   0x00000000     0x2ba2
 .debug_abbrev  0x00000000      0x173 ./Core/Src/gpio.o
 .debug_abbrev  0x00000173      0x1f0 ./Core/Src/i2c.o
 .debug_abbrev  0x00000363      0x405 ./Core/Src/main.o
 .debug_abbrev  0x00000768      0x1f8 ./Core/Src/spi.o
 .debug_abbrev  0x00000960       0xd8 ./Core/Src/stm32f4xx_hal_msp.o
 .debug_abbrev  0x00000a38       0xa0 ./Core/Src/stm32f4xx_it.o
 .debug_abbrev  0x00000ad8      0x285 ./Core/Src/syscalls.o
 .debug_abbrev  0x00000d5d       0xbc ./Core/Src/sysmem.o
 .debug_abbrev  0x00000e19      0x11a ./Core/Src/system_stm32f4xx.o
 .debug_abbrev  0x00000f33      0x1f8 ./Core/Src/usart.o
 .debug_abbrev  0x0000112b       0x24 ./Core/Startup/startup_stm32f401retx.o
 .debug_abbrev  0x0000114f      0x24b ./Drivers/STM32F4xx_HAL_Driver/Src/stm32f4xx_hal.o
 .debug_abbrev  0x0000139a      0x31d ./Drivers/STM32F4xx_HAL_Driver/Src/stm32f4xx_hal_cortex.o
 .debug_abbrev  0x000016b7      0x1d3 ./Drivers/STM32F4xx_HAL_Driver/Src/stm32f4xx_hal_gpio.o
 .debug_abbrev  0x0000188a      0x2bc ./Drivers/STM32F4xx_HAL_Driver/Src/stm32f4xx_hal_i2c.o
 .debug_abbrev  0x00001b46      0x2b6 ./Drivers/STM32F4xx_HAL_Driver/Src/stm32f4xx_hal_rcc.o
 .debug_abbrev  0x00001dfc      0x276 ./Drivers/STM32F4xx_HAL_Driver/Src/stm32f4xx_hal_spi.o
 .debug_abbrev  0x00002072      0x31b ./Drivers/STM32F4xx_HAL_Driver/Src/stm32f4xx_hal_uart.o
 .debug_abbrev  0x0000238d      0x388 ./Receiver_Setup/Src/nrf2401.o
 .debug_abbrev  0x00002715      0x2d8 ./Receiver_Setup/Src/rtc.o
 .debug_abbrev  0x000029ed      0x1b5 ./Receiver_Setup/Src/timeunit.o

.debug_aranges  0x00000000      0xd90
 .debug_aranges
                0x00000000       0x20 ./Core/Src/gpio.o
 .debug_aranges
                0x00000020       0x30 ./Core/Src/i2c.o
 .debug_aranges
                0x00000050       0x40 ./Core/Src/main.o
 .debug_aranges
                0x00000090       0x30 ./Core/Src/spi.o
 .debug_aranges
                0x000000c0       0x20 ./Core/Src/stm32f4xx_hal_msp.o
 .debug_aranges
                0x000000e0       0x68 ./Core/Src/stm32f4xx_it.o
 .debug_aranges
                0x00000148       0xb0 ./Core/Src/syscalls.o
 .debug_aranges
                0x000001f8       0x20 ./Core/Src/sysmem.o
 .debug_aranges
                0x00000218       0x28 ./Core/Src/system_stm32f4xx.o
 .debug_aranges
                0x00000240       0x30 ./Core/Src/usart.o
 .debug_aranges
                0x00000270       0x28 ./Core/Startup/startup_stm32f401retx.o
 .debug_aranges
                0x00000298       0xf0 ./Drivers/STM32F4xx_HAL_Driver/Src/stm32f4xx_hal.o
 .debug_aranges
                0x00000388      0x130 ./Drivers/STM32F4xx_HAL_Driver/Src/stm32f4xx_hal_cortex.o
 .debug_aranges
                0x000004b8       0x58 ./Drivers/STM32F4xx_HAL_Driver/Src/stm32f4xx_hal_gpio.o
 .debug_aranges
                0x00000510      0x2a8 ./Drivers/STM32F4xx_HAL_Driver/Src/stm32f4xx_hal_i2c.o
 .debug_aranges
                0x000007b8       0x88 ./Drivers/STM32F4xx_HAL_Driver/Src/stm32f4xx_hal_rcc.o
 .debug_aranges
                0x00000840      0x1d0 ./Drivers/STM32F4xx_HAL_Driver/Src/stm32f4xx_hal_spi.o
 .debug_aranges
                0x00000a10      0x208 ./Drivers/STM32F4xx_HAL_Driver/Src/stm32f4xx_hal_uart.o
 .debug_aranges
                0x00000c18       0xf0 ./Receiver_Setup/Src/nrf2401.o
 .debug_aranges
                0x00000d08       0x50 ./Receiver_Setup/Src/rtc.o
 .debug_aranges
                0x00000d58       0x38 ./Receiver_Setup/Src/timeunit.o

.debug_rnglists
                0x00000000      0xa7f
 .debug_rnglists
                0x00000000       0x14 ./Core/Src/gpio.o
 .debug_rnglists
                0x00000014       0x20 ./Core/Src/i2c.o
 .debug_rnglists
                0x00000034       0x2d ./Core/Src/main.o
 .debug_rnglists
                0x00000061       0x20 ./Core/Src/spi.o
 .debug_rnglists
                0x00000081       0x13 ./Core/Src/stm32f4xx_hal_msp.o
 .debug_rnglists
                0x00000094       0x49 ./Core/Src/stm32f4xx_it.o
 .debug_rnglists
                0x000000dd       0x7f ./Core/Src/syscalls.o
 .debug_rnglists
                0x0000015c       0x13 ./Core/Src/sysmem.o
 .debug_rnglists
                0x0000016f       0x1a ./Core/Src/system_stm32f4xx.o
 .debug_rnglists
                0x00000189       0x20 ./Core/Src/usart.o
 .debug_rnglists
                0x000001a9       0x19 ./Core/Startup/startup_stm32f401retx.o
 .debug_rnglists
                0x000001c2       0xaf ./Drivers/STM32F4xx_HAL_Driver/Src/stm32f4xx_hal.o
 .debug_rnglists
                0x00000271       0xe0 ./Drivers/STM32F4xx_HAL_Driver/Src/stm32f4xx_hal_cortex.o
 .debug_rnglists
                0x00000351       0x3f ./Drivers/STM32F4xx_HAL_Driver/Src/stm32f4xx_hal_gpio.o
 .debug_rnglists
                0x00000390      0x23c ./Drivers/STM32F4xx_HAL_Driver/Src/stm32f4xx_hal_i2c.o
 .debug_rnglists
                0x000005cc       0x66 ./Drivers/STM32F4xx_HAL_Driver/Src/stm32f4xx_hal_rcc.o
 .debug_rnglists
                0x00000632      0x16f ./Drivers/STM32F4xx_HAL_Driver/Src/stm32f4xx_hal_spi.o
 .debug_rnglists
                0x000007a1      0x1bc ./Drivers/STM32F4xx_HAL_Driver/Src/stm32f4xx_hal_uart.o
 .debug_rnglists
                0x0000095d       0xc0 ./Receiver_Setup/Src/nrf2401.o
 .debug_rnglists
                0x00000a1d       0x3a ./Receiver_Setup/Src/rtc.o
 .debug_rnglists
                0x00000a57       0x28 ./Receiver_Setup/Src/timeunit.o

.debug_macro    0x00000000    0x1a7b2
 .debug_macro   0x00000000      0x1f1 ./Core/Src/gpio.o
 .debug_macro   0x000001f1      0xab4 ./Core/Src/gpio.o
 .debug_macro   0x00000ca5      0x2a1 ./Core/Src/gpio.o
 .debug_macro   0x00000f46       0x2e ./Core/Src/gpio.o
 .debug_macro   0x00000f74       0x28 ./Core/Src/gpio.o
 .debug_macro   0x00000f9c       0x22 ./Core/Src/gpio.o
 .debug_macro   0x00000fbe       0x8e ./Core/Src/gpio.o
 .debug_macro   0x0000104c       0x51 ./Core/Src/gpio.o
 .debug_macro   0x0000109d      0x103 ./Core/Src/gpio.o
 .debug_macro   0x000011a0       0x6a ./Core/Src/gpio.o
 .debug_macro   0x0000120a      0x1df ./Core/Src/gpio.o
 .debug_macro   0x000013e9       0x1c ./Core/Src/gpio.o
 .debug_macro   0x00001405       0x22 ./Core/Src/gpio.o
 .debug_macro   0x00001427       0xfb ./Core/Src/gpio.o
 .debug_macro   0x00001522     0x1011 ./Core/Src/gpio.o
 .debug_macro   0x00002533      0x11f ./Core/Src/gpio.o
 .debug_macro   0x00002652     0xb86c ./Core/Src/gpio.o
 .debug_macro   0x0000debe       0x6d ./Core/Src/gpio.o
 .debug_macro   0x0000df2b     0x369a ./Core/Src/gpio.o
 .debug_macro   0x000115c5      0x189 ./Core/Src/gpio.o
 .debug_macro   0x0001174e       0x5c ./Core/Src/gpio.o
 .debug_macro   0x000117aa      0x416 ./Core/Src/gpio.o
 .debug_macro   0x00011bc0      0x9e9 ./Core/Src/gpio.o
 .debug_macro   0x000125a9      0x115 ./Core/Src/gpio.o
 .debug_macro   0x000126be       0xf8 ./Core/Src/gpio.o
 .debug_macro   0x000127b6       0xa5 ./Core/Src/gpio.o
 .debug_macro   0x0001285b      0x15f ./Core/Src/gpio.o
 .debug_macro   0x000129ba      0x287 ./Core/Src/gpio.o
 .debug_macro   0x00012c41       0x5f ./Core/Src/gpio.o
 .debug_macro   0x00012ca0      0x236 ./Core/Src/gpio.o
 .debug_macro   0x00012ed6      0x132 ./Core/Src/gpio.o
 .debug_macro   0x00013008      0x264 ./Core/Src/gpio.o
 .debug_macro   0x0001326c       0x2e ./Core/Src/gpio.o
 .debug_macro   0x0001329a      0x1b5 ./Core/Src/gpio.o
 .debug_macro   0x0001344f       0x22 ./Core/Src/gpio.o
 .debug_macro   0x00013471       0xd6 ./Core/Src/gpio.o
 .debug_macro   0x00013547      0x127 ./Core/Src/gpio.o
 .debug_macro   0x0001366e       0x85 ./Core/Src/gpio.o
 .debug_macro   0x000136f3       0x89 ./Core/Src/gpio.o
 .debug_macro   0x0001377c      0x225 ./Core/Src/gpio.o
 .debug_macro   0x000139a1      0x2aa ./Core/Src/gpio.o
 .debug_macro   0x00013c4b      0x126 ./Core/Src/gpio.o
 .debug_macro   0x00013d71      0x1f1 ./Core/Src/i2c.o
 .debug_macro   0x00013f62      0x35c ./Core/Src/main.o
 .debug_macro   0x000142be      0xb8c ./Core/Src/main.o
 .debug_macro   0x00014e4a       0x1c ./Core/Src/main.o
 .debug_macro   0x00014e66     0x1011 ./Core/Src/main.o
 .debug_macro   0x00015e77      0x190 ./Core/Src/main.o
 .debug_macro   0x00016007      0x1d6 ./Core/Src/main.o
 .debug_macro   0x000161dd       0x10 ./Core/Src/main.o
 .debug_macro   0x000161ed      0x417 ./Core/Src/main.o
 .debug_macro   0x00016604       0x61 ./Core/Src/main.o
 .debug_macro   0x00016665       0x2a ./Core/Src/main.o
 .debug_macro   0x0001668f       0x43 ./Core/Src/main.o
 .debug_macro   0x000166d2       0x34 ./Core/Src/main.o
 .debug_macro   0x00016706       0x16 ./Core/Src/main.o
 .debug_macro   0x0001671c       0x35 ./Core/Src/main.o
 .debug_macro   0x00016751      0x38c ./Core/Src/main.o
 .debug_macro   0x00016add       0x10 ./Core/Src/main.o
 .debug_macro   0x00016aed       0x16 ./Core/Src/main.o
 .debug_macro   0x00016b03       0x43 ./Core/Src/main.o
 .debug_macro   0x00016b46       0x34 ./Core/Src/main.o
 .debug_macro   0x00016b7a       0x10 ./Core/Src/main.o
 .debug_macro   0x00016b8a       0x58 ./Core/Src/main.o
 .debug_macro   0x00016be2       0x8e ./Core/Src/main.o
 .debug_macro   0x00016c70       0x16 ./Core/Src/main.o
 .debug_macro   0x00016c86      0x177 ./Core/Src/main.o
 .debug_macro   0x00016dfd       0x16 ./Core/Src/main.o
 .debug_macro   0x00016e13       0x16 ./Core/Src/main.o
 .debug_macro   0x00016e29      0x138 ./Core/Src/main.o
 .debug_macro   0x00016f61      0x11d ./Core/Src/main.o
 .debug_macro   0x0001707e       0x76 ./Core/Src/main.o
 .debug_macro   0x000170f4       0x46 ./Core/Src/main.o
 .debug_macro   0x0001713a      0x1f1 ./Core/Src/spi.o
 .debug_macro   0x0001732b      0x1e7 ./Core/Src/stm32f4xx_hal_msp.o
 .debug_macro   0x00017512      0x1f1 ./Core/Src/stm32f4xx_it.o
 .debug_macro   0x00017703      0x403 ./Core/Src/syscalls.o
 .debug_macro   0x00017b06       0x5b ./Core/Src/syscalls.o
 .debug_macro   0x00017b61       0x94 ./Core/Src/syscalls.o
 .debug_macro   0x00017bf5       0x34 ./Core/Src/syscalls.o
 .debug_macro   0x00017c29       0x57 ./Core/Src/syscalls.o
 .debug_macro   0x00017c80      0x369 ./Core/Src/syscalls.o
 .debug_macro   0x00017fe9       0x43 ./Core/Src/syscalls.o
 .debug_macro   0x0001802c       0x1c ./Core/Src/syscalls.o
 .debug_macro   0x00018048       0x10 ./Core/Src/syscalls.o
 .debug_macro   0x00018058       0x35 ./Core/Src/syscalls.o
 .debug_macro   0x0001808d       0x10 ./Core/Src/syscalls.o
 .debug_macro   0x0001809d       0x10 ./Core/Src/syscalls.o
 .debug_macro   0x000180ad       0x10 ./Core/Src/syscalls.o
 .debug_macro   0x000180bd       0x1c ./Core/Src/syscalls.o
 .debug_macro   0x000180d9       0x52 ./Core/Src/syscalls.o
 .debug_macro   0x0001812b       0x22 ./Core/Src/syscalls.o
 .debug_macro   0x0001814d       0x10 ./Core/Src/syscalls.o
 .debug_macro   0x0001815d       0x52 ./Core/Src/syscalls.o
 .debug_macro   0x000181af       0xcf ./Core/Src/syscalls.o
 .debug_macro   0x0001827e       0x1c ./Core/Src/syscalls.o
 .debug_macro   0x0001829a       0x3d ./Core/Src/syscalls.o
 .debug_macro   0x000182d7       0x35 ./Core/Src/syscalls.o
 .debug_macro   0x0001830c      0x12c ./Core/Src/syscalls.o
 .debug_macro   0x00018438       0x16 ./Core/Src/syscalls.o
 .debug_macro   0x0001844e       0x16 ./Core/Src/syscalls.o
 .debug_macro   0x00018464       0x29 ./Core/Src/syscalls.o
 .debug_macro   0x0001848d       0x10 ./Core/Src/syscalls.o
 .debug_macro   0x0001849d      0x242 ./Core/Src/syscalls.o
 .debug_macro   0x000186df       0x1c ./Core/Src/syscalls.o
 .debug_macro   0x000186fb       0x10 ./Core/Src/syscalls.o
 .debug_macro   0x0001870b      0x146 ./Core/Src/syscalls.o
 .debug_macro   0x00018851      0x18a ./Core/Src/syscalls.o
 .debug_macro   0x000189db       0x16 ./Core/Src/syscalls.o
 .debug_macro   0x000189f1       0xce ./Core/Src/syscalls.o
 .debug_macro   0x00018abf       0x56 ./Core/Src/syscalls.o
 .debug_macro   0x00018b15       0xff ./Core/Src/sysmem.o
 .debug_macro   0x00018c14      0x23c ./Core/Src/sysmem.o
 .debug_macro   0x00018e50      0x1dd ./Core/Src/system_stm32f4xx.o
 .debug_macro   0x0001902d      0x1f1 ./Core/Src/usart.o
 .debug_macro   0x0001921e      0x23d ./Drivers/STM32F4xx_HAL_Driver/Src/stm32f4xx_hal.o
 .debug_macro   0x0001945b      0x1dd ./Drivers/STM32F4xx_HAL_Driver/Src/stm32f4xx_hal_cortex.o
 .debug_macro   0x00019638      0x1e3 ./Drivers/STM32F4xx_HAL_Driver/Src/stm32f4xx_hal_gpio.o
 .debug_macro   0x0001981b      0x22b ./Drivers/STM32F4xx_HAL_Driver/Src/stm32f4xx_hal_i2c.o
 .debug_macro   0x00019a46      0x201 ./Drivers/STM32F4xx_HAL_Driver/Src/stm32f4xx_hal_rcc.o
 .debug_macro   0x00019c47      0x1ec ./Drivers/STM32F4xx_HAL_Driver/Src/stm32f4xx_hal_spi.o
 .debug_macro   0x00019e33      0x1de ./Drivers/STM32F4xx_HAL_Driver/Src/stm32f4xx_hal_uart.o
 .debug_macro   0x0001a011      0x2f0 ./Receiver_Setup/Src/nrf2401.o
 .debug_macro   0x0001a301      0x20a ./Receiver_Setup/Src/rtc.o
 .debug_macro   0x0001a50b      0x10a ./Receiver_Setup/Src/timeunit.o
 .debug_macro   0x0001a615       0x7c ./Receiver_Setup/Src/timeunit.o
 .debug_macro   0x0001a691       0x17 ./Receiver_Setup/Src/timeunit.o
 .debug_macro   0x0001a6a8       0xee ./Receiver_Setup/Src/timeunit.o
 .debug_macro   0x0001a796       0x1c ./Receiver_Setup/Src/timeunit.o

.debug_line     0x00000000    0x12155
 .debug_line    0x00000000      0x723 ./Core/Src/gpio.o
 .debug_line    0x00000723      0x774 ./Core/Src/i2c.o
 .debug_line    0x00000e97      0xc2f ./Core/Src/main.o
 .debug_line    0x00001ac6      0x76c ./Core/Src/spi.o
 .debug_line    0x00002232      0x6fb ./Core/Src/stm32f4xx_hal_msp.o
 .debug_line    0x0000292d      0x7d5 ./Core/Src/stm32f4xx_it.o
 .debug_line    0x00003102      0xbac ./Core/Src/syscalls.o
 .debug_line    0x00003cae      0x51c ./Core/Src/sysmem.o
 .debug_line    0x000041ca      0x77f ./Core/Src/system_stm32f4xx.o
 .debug_line    0x00004949      0x764 ./Core/Src/usart.o
 .debug_line    0x000050ad       0x7a ./Core/Startup/startup_stm32f401retx.o
 .debug_line    0x00005127      0x9e8 ./Drivers/STM32F4xx_HAL_Driver/Src/stm32f4xx_hal.o
 .debug_line    0x00005b0f      0xcda ./Drivers/STM32F4xx_HAL_Driver/Src/stm32f4xx_hal_cortex.o
 .debug_line    0x000067e9      0xb38 ./Drivers/STM32F4xx_HAL_Driver/Src/stm32f4xx_hal_gpio.o
 .debug_line    0x00007321     0x3b2e ./Drivers/STM32F4xx_HAL_Driver/Src/stm32f4xx_hal_i2c.o
 .debug_line    0x0000ae4f      0xd71 ./Drivers/STM32F4xx_HAL_Driver/Src/stm32f4xx_hal_rcc.o
 .debug_line    0x0000bbc0     0x1d06 ./Drivers/STM32F4xx_HAL_Driver/Src/stm32f4xx_hal_spi.o
 .debug_line    0x0000d8c6     0x28ba ./Drivers/STM32F4xx_HAL_Driver/Src/stm32f4xx_hal_uart.o
 .debug_line    0x00010180      0xd55 ./Receiver_Setup/Src/nrf2401.o
 .debug_line    0x00010ed5      0x8c3 ./Receiver_Setup/Src/rtc.o
 .debug_line    0x00011798      0x9bd ./Receiver_Setup/Src/timeunit.o

.debug_str      0x00000000    0x8ea87
 .debug_str     0x00000000    0x824cd ./Core/Src/gpio.o
                              0x82788 (size before relaxing)
 .debug_str     0x000824cd      0x48f ./Core/Src/i2c.o
                              0x828fe (size before relaxing)
 .debug_str     0x0008295c     0x6ebe ./Core/Src/main.o
                              0x897e4 (size before relaxing)
 .debug_str     0x0008981a       0x4b ./Core/Src/spi.o
                              0x82856 (size before relaxing)
 .debug_str     0x00089865       0x2c ./Core/Src/stm32f4xx_hal_msp.o
                              0x822ff (size before relaxing)
 .debug_str     0x00089891       0xf5 ./Core/Src/stm32f4xx_it.o
                              0x822b3 (size before relaxing)
 .debug_str     0x00089986     0x23a4 ./Core/Src/syscalls.o
                              0x87eee (size before relaxing)
 .debug_str     0x0008bd2a       0x6b ./Core/Src/sysmem.o
                               0x60d3 (size before relaxing)
 .debug_str     0x0008bd95       0xdb ./Core/Src/system_stm32f4xx.o
                              0x823af (size before relaxing)
 .debug_str     0x0008be70       0x51 ./Core/Src/usart.o
                              0x82887 (size before relaxing)
 .debug_str     0x0008bec1       0x44 ./Core/Startup/startup_stm32f401retx.o
                                 0x86 (size before relaxing)
 .debug_str     0x0008bf05      0x59a ./Drivers/STM32F4xx_HAL_Driver/Src/stm32f4xx_hal.o
                              0x82dd1 (size before relaxing)
 .debug_str     0x0008c49f      0x36c ./Drivers/STM32F4xx_HAL_Driver/Src/stm32f4xx_hal_cortex.o
                              0x82b3b (size before relaxing)
 .debug_str     0x0008c80b      0x108 ./Drivers/STM32F4xx_HAL_Driver/Src/stm32f4xx_hal_gpio.o
                              0x8252a (size before relaxing)
 .debug_str     0x0008c913      0xb56 ./Drivers/STM32F4xx_HAL_Driver/Src/stm32f4xx_hal_i2c.o
                              0x833c0 (size before relaxing)
 .debug_str     0x0008d469      0x213 ./Drivers/STM32F4xx_HAL_Driver/Src/stm32f4xx_hal_rcc.o
                              0x827e3 (size before relaxing)
 .debug_str     0x0008d67c      0x544 ./Drivers/STM32F4xx_HAL_Driver/Src/stm32f4xx_hal_spi.o
                              0x82c5b (size before relaxing)
 .debug_str     0x0008dbc0      0x5f6 ./Drivers/STM32F4xx_HAL_Driver/Src/stm32f4xx_hal_uart.o
                              0x82db2 (size before relaxing)
 .debug_str     0x0008e1b6      0x32f ./Receiver_Setup/Src/nrf2401.o
                              0x86fe0 (size before relaxing)
 .debug_str     0x0008e4e5       0xd0 ./Receiver_Setup/Src/rtc.o
                              0x832d0 (size before relaxing)
 .debug_str     0x0008e5b5      0x4d2 ./Receiver_Setup/Src/timeunit.o
                               0x7eb7 (size before relaxing)

.comment        0x00000000       0x43
 .comment       0x00000000       0x43 ./Core/Src/gpio.o
                                 0x44 (size before relaxing)
 .comment       0x00000043       0x44 ./Core/Src/i2c.o
 .comment       0x00000043       0x44 ./Core/Src/main.o
 .comment       0x00000043       0x44 ./Core/Src/spi.o
 .comment       0x00000043       0x44 ./Core/Src/stm32f4xx_hal_msp.o
 .comment       0x00000043       0x44 ./Core/Src/stm32f4xx_it.o
 .comment       0x00000043       0x44 ./Core/Src/syscalls.o
 .comment       0x00000043       0x44 ./Core/Src/sysmem.o
 .comment       0x00000043       0x44 ./Core/Src/system_stm32f4xx.o
 .comment       0x00000043       0x44 ./Core/Src/usart.o
 .comment       0x00000043       0x44 ./Drivers/STM32F4xx_HAL_Driver/Src/stm32f4xx_hal.o
 .comment       0x00000043       0x44 ./Drivers/STM32F4xx_HAL_Driver/Src/stm32f4xx_hal_cortex.o
 .comment       0x00000043       0x44 ./Drivers/STM32F4xx_HAL_Driver/Src/stm32f4xx_hal_gpio.o
 .comment       0x00000043       0x44 ./Drivers/STM32F4xx_HAL_Driver/Src/stm32f4xx_hal_i2c.o